 TestC

 Timestamp is 580e1d47 (Mon Oct 24 15:40:07 2016)

 Preferred load address is 00400000

 Start         Length     Name                   Class
 0001:00000000 0005d7e0H .text$mn                CODE
 0001:0005d7e0 0000117fH .text$x                 CODE
 0002:00000000 00000104H .CRT$XCA                DATA
 0002:00000104 00000104H .CRT$XCZ                DATA
 0002:00000208 00000104H .CRT$XIA                DATA
 0002:0000030c 00000113H .CRT$XIC                DATA
 0002:00000420 00000104H .CRT$XIY                DATA
 0002:00000524 00000104H .CRT$XIZ                DATA
 0002:00000628 00000104H .CRT$XPA                DATA
 0002:0000072c 00000109H .CRT$XPX                DATA
 0002:00000838 00000104H .CRT$XPXA               DATA
 0002:0000093c 00000104H .CRT$XPZ                DATA
 0002:00000a40 00000104H .CRT$XTA                DATA
 0002:00000b44 00000104H .CRT$XTZ                DATA
 0002:00000c50 00011e26H .rdata                  DATA
 0002:00012a78 00000169H .rdata$debug            DATA
 0002:00012be4 0000053cH .rdata$r                DATA
 0002:00013120 00000139H .rdata$sxdata           DATA
 0002:0001325c 00000104H .rtc$IAA                DATA
 0002:00013360 00000104H .rtc$IZZ                DATA
 0002:00013464 00000104H .rtc$TAA                DATA
 0002:00013568 00000104H .rtc$TZZ                DATA
 0002:00013670 00000dc4H .xdata$x                DATA
 0002:00014434 00000000H .edata                  DATA
 0003:00000000 00001ba2H .data                   DATA
 0003:00001ba4 00000292H .data$r                 DATA
 0003:00001e40 000022f0H .bss                    DATA
 0004:00000000 000001b4H .idata$5                DATA
 0004:000001b4 00000014H .idata$2                DATA
 0004:000001c8 00000014H .idata$3                DATA
 0004:000001dc 000001b4H .idata$4                DATA
 0004:00000390 00000797H .idata$6                DATA

  Address         Publics by Value              Rva+Base       Lib:Object

 0000:00000000       ___guard_fids_table        00000000     <absolute>
 0000:00000000       __except_list              00000000     <absolute>
 0000:00000000       ___guard_fids_count        00000000     <absolute>
 0000:00000000       ___guard_flags             00000000     <absolute>
 0000:0000000c       ___safe_se_handler_count   0000000c     <absolute>
 0000:00000000       ___ImageBase               00400000     <linker-defined>
 0001:00000030       _main                      00401030 f   test_main.obj
 0001:000002f0       _serialize_struct__        004012f0 f   generated.obj
 0001:00000870       _serialize_function_       00401870 f   generated.obj
 0001:00000ae0       __get_printf_count_output  00401ae0 f   LIBCMTD:printf.obj
 0001:00000b10       __printf_l                 00401b10 f   LIBCMTD:printf.obj
 0001:00000b40       __printf_p                 00401b40 f   LIBCMTD:printf.obj
 0001:00000b60       __printf_p_l               00401b60 f   LIBCMTD:printf.obj
 0001:00000b90       __printf_s_l               00401b90 f   LIBCMTD:printf.obj
 0001:00000bc0       __set_printf_count_output  00401bc0 f   LIBCMTD:printf.obj
 0001:00000c20       _printf                    00401c20 f   LIBCMTD:printf.obj
 0001:00000da0       _printf_s                  00401da0 f   LIBCMTD:printf.obj
 0001:00000dc0       _malloc                    00401dc0 f   LIBCMTD:dbgmalloc.obj
 0001:00000df0       _memset                    00401df0 f   LIBCMTD:memset.obj
 0001:00000e80       __fpmath                   00401e80 f   LIBCMTD:fpinit.obj
 0001:00000ea0       ___setfflag                00401ea0 f   LIBCMTD:fpinit.obj
 0001:00000ec0       __cfltcvt_init             00401ec0 f   LIBCMTD:fpinit.obj
 0001:00000f80       __scprintf                 00401f80 f   LIBCMTD:sprintf.obj
 0001:00000fa0       __scprintf_l               00401fa0 f   LIBCMTD:sprintf.obj
 0001:00000fd0       __scprintf_p               00401fd0 f   LIBCMTD:sprintf.obj
 0001:00000ff0       __scprintf_p_l             00401ff0 f   LIBCMTD:sprintf.obj
 0001:00001020       __snprintf_s               00402020 f   LIBCMTD:sprintf.obj
 0001:00001050       __snprintf_s_l             00402050 f   LIBCMTD:sprintf.obj
 0001:00001080       __sprintf_l                00402080 f   LIBCMTD:sprintf.obj
 0001:000010b0       __sprintf_p                004020b0 f   LIBCMTD:sprintf.obj
 0001:000010e0       __sprintf_p_l              004020e0 f   LIBCMTD:sprintf.obj
 0001:00001110       __sprintf_s_l              00402110 f   LIBCMTD:sprintf.obj
 0001:00001140       _sprintf                   00402140 f   LIBCMTD:sprintf.obj
 0001:00001300       _sprintf_s                 00402300 f   LIBCMTD:sprintf.obj
 0001:00001330       __invoke_watson_if_error   00402330 f i LIBCMTD:wassert.obj
 0001:00001360       __wassert                  00402360 f   LIBCMTD:wassert.obj
 0001:00002200       _mainCRTStartup            00403200 f   LIBCMTD:crt0.obj
 0001:00002210       ?_invalid_parameter@@YAXPBG00II@Z 00403210 f   LIBCMTD:invarg.obj
 0001:00002240       ?_invoke_watson@@YAXPBG00II@Z 00403240 f   LIBCMTD:invarg.obj
 0001:00002260       __call_reportfault         00403260 f   LIBCMTD:invarg.obj
 0001:000023c0       __get_invalid_parameter_handler 004033c0 f   LIBCMTD:invarg.obj
 0001:000023f0       __initp_misc_invarg        004033f0 f   LIBCMTD:invarg.obj
 0001:00002400       __invalid_parameter        00403400 f   LIBCMTD:invarg.obj
 0001:00002460       __invoke_watson            00403460 f   LIBCMTD:invarg.obj
 0001:000024a0       __set_invalid_parameter_handler 004034a0 f   LIBCMTD:invarg.obj
 0001:000024e0       ___initstdio               004034e0 f   LIBCMTD:_file.obj
 0001:000025b0       ___endstdio                004035b0 f   LIBCMTD:_file.obj
 0001:000025f0       ___iob_func                004035f0 f   LIBCMTD:_file.obj
 0001:00002600       __lock_file                00403600 f   LIBCMTD:_file.obj
 0001:00002660       __lock_file2               00403660 f   LIBCMTD:_file.obj
 0001:000026a0       __unlock_file              004036a0 f   LIBCMTD:_file.obj
 0001:00002700       __unlock_file2             00403700 f   LIBCMTD:_file.obj
 0001:00002740       __vprintf_l                00403740 f   LIBCMTD:vprintf.obj
 0001:00002760       __vprintf_p                00403760 f   LIBCMTD:vprintf.obj
 0001:00002780       __vprintf_p_l              00403780 f   LIBCMTD:vprintf.obj
 0001:000027a0       __vprintf_s_l              004037a0 f   LIBCMTD:vprintf.obj
 0001:000027c0       _vprintf                   004037c0 f   LIBCMTD:vprintf.obj
 0001:000027e0       _vprintf_helper            004037e0 f   LIBCMTD:vprintf.obj
 0001:00002920       _vprintf_s                 00403920 f   LIBCMTD:vprintf.obj
 0001:00002940       ?_CrtDbgReportW@@YAHHPBGH00ZZ 00403940 f   LIBCMTD:dbgrptw.obj
 0001:00002990       __CrtDbgReportW            00403990 f   LIBCMTD:dbgrptw.obj
 0001:000029e0       __CrtDbgReportWV           004039e0 f i LIBCMTD:dbgrptw.obj
 0001:00002a10       __CrtSetReportHookW2       00403a10 f   LIBCMTD:dbgrptw.obj
 0001:00002d60       ___crtMessageWindowW       00403d60 f   LIBCMTD:dbgrptw.obj
 0001:00003210       __invoke_watson_if_oneof   00404210 f i LIBCMTD:dbgrptw.obj
 0001:00003250       __ftbuf                    00404250 f   LIBCMTD:_sftbuf.obj
 0001:000032e0       __stbuf                    004042e0 f   LIBCMTD:_sftbuf.obj
 0001:00003450       ??0_LocaleUpdate@@QAE@PAUlocaleinfo_struct@@@Z 00404450 f i LIBCMTD:output.obj
 0001:00003530       ??1_LocaleUpdate@@QAE@XZ   00404530 f i LIBCMTD:output.obj
 0001:00003560       ?GetLocaleT@_LocaleUpdate@@QAEPAUlocaleinfo_struct@@XZ 00404560 f i LIBCMTD:output.obj
 0001:00003570       __output_l                 00404570 f   LIBCMTD:output.obj
 0001:00004c20       _get_int64_arg             00405c20 f i LIBCMTD:output.obj
 0001:00004c40       _get_int_arg               00405c40 f i LIBCMTD:output.obj
 0001:00004c60       _get_short_arg             00405c60 f i LIBCMTD:output.obj
 0001:00004e20       ___doserrno                00405e20 f   LIBCMTD:dosmap.obj
 0001:00004e50       __dosmaperr                00405e50 f   LIBCMTD:dosmap.obj
 0001:00004e80       __errno                    00405e80 f   LIBCMTD:dosmap.obj
 0001:00004eb0       __get_doserrno             00405eb0 f   LIBCMTD:dosmap.obj
 0001:00004f40       __get_errno                00405f40 f   LIBCMTD:dosmap.obj
 0001:00004fd0       __get_errno_from_oserr     00405fd0 f   LIBCMTD:dosmap.obj
 0001:00005050       __set_doserrno             00406050 f   LIBCMTD:dosmap.obj
 0001:00005080       __set_errno                00406080 f   LIBCMTD:dosmap.obj
 0001:00005110       __except_handler4          00406110 f   LIBCMTD:chandler4.obj
 0001:00005760       __CrtCheckMemory           00406760 f   LIBCMTD:dbgheap.obj
 0001:00005bc0       __CrtDoForAllClientObjects 00406bc0 f   LIBCMTD:dbgheap.obj
 0001:00005cf0       __CrtDumpMemoryLeaks       00406cf0 f   LIBCMTD:dbgheap.obj
 0001:00005d90       __CrtGetAllocHook          00406d90 f   LIBCMTD:dbgheap.obj
 0001:00005da0       __CrtGetCheckCount         00406da0 f   LIBCMTD:dbgheap.obj
 0001:00005db0       __CrtGetDumpClient         00406db0 f   LIBCMTD:dbgheap.obj
 0001:00005dc0       __CrtIsMemoryBlock         00406dc0 f   LIBCMTD:dbgheap.obj
 0001:00005f30       __CrtIsValidHeapPointer    00406f30 f   LIBCMTD:dbgheap.obj
 0001:00005f70       __CrtIsValidPointer        00406f70 f   LIBCMTD:dbgheap.obj
 0001:00005fa0       __CrtMemCheckpoint         00406fa0 f   LIBCMTD:dbgheap.obj
 0001:000061d0       __CrtMemDifference         004071d0 f   LIBCMTD:dbgheap.obj
 0001:00006430       __CrtMemDumpAllObjectsSince 00407430 f   LIBCMTD:dbgheap.obj
 0001:00006470       __CrtMemDumpStatistics     00407470 f   LIBCMTD:dbgheap.obj
 0001:00006590       __CrtReportBlockType       00407590 f   LIBCMTD:dbgheap.obj
 0001:000065c0       __CrtSetAllocHook          004075c0 f   LIBCMTD:dbgheap.obj
 0001:000065e0       __CrtSetBreakAlloc         004075e0 f   LIBCMTD:dbgheap.obj
 0001:00006600       __CrtSetCheckCount         00407600 f   LIBCMTD:dbgheap.obj
 0001:00006620       __CrtSetDbgBlockType       00407620 f   LIBCMTD:dbgheap.obj
 0001:00006710       __CrtSetDbgFlag            00407710 f   LIBCMTD:dbgheap.obj
 0001:00006860       __CrtSetDebugFillThreshold 00407860 f   LIBCMTD:dbgheap.obj
 0001:00006880       __CrtSetDumpClient         00407880 f   LIBCMTD:dbgheap.obj
 0001:000068a0       __aligned_free             004078a0 f   LIBCMTD:dbgheap.obj
 0001:000068c0       __aligned_free_dbg         004078c0 f   LIBCMTD:dbgheap.obj
 0001:00006970       __aligned_malloc           00407970 f   LIBCMTD:dbgheap.obj
 0001:00006990       __aligned_malloc_dbg       00407990 f   LIBCMTD:dbgheap.obj
 0001:000069b0       __aligned_msize            004079b0 f   LIBCMTD:dbgheap.obj
 0001:000069d0       __aligned_msize_dbg        004079d0 f   LIBCMTD:dbgheap.obj
 0001:00006af0       __aligned_offset_malloc    00407af0 f   LIBCMTD:dbgheap.obj
 0001:00006b10       __aligned_offset_malloc_dbg 00407b10 f   LIBCMTD:dbgheap.obj
 0001:00006cf0       __aligned_offset_realloc   00407cf0 f   LIBCMTD:dbgheap.obj
 0001:00006d20       __aligned_offset_realloc_dbg 00407d20 f   LIBCMTD:dbgheap.obj
 0001:00007030       __aligned_offset_recalloc  00408030 f   LIBCMTD:dbgheap.obj
 0001:00007060       __aligned_offset_recalloc_dbg 00408060 f   LIBCMTD:dbgheap.obj
 0001:00007120       __aligned_realloc          00408120 f   LIBCMTD:dbgheap.obj
 0001:00007140       __aligned_realloc_dbg      00408140 f   LIBCMTD:dbgheap.obj
 0001:00007170       __aligned_recalloc         00408170 f   LIBCMTD:dbgheap.obj
 0001:000071a0       __aligned_recalloc_dbg     004081a0 f   LIBCMTD:dbgheap.obj
 0001:000071d0       __calloc_dbg               004081d0 f   LIBCMTD:dbgheap.obj
 0001:00007230       __calloc_dbg_impl          00408230 f   LIBCMTD:dbgheap.obj
 0001:000072b0       __expand                   004082b0 f   LIBCMTD:dbgheap.obj
 0001:000072e0       __expand_dbg               004082e0 f   LIBCMTD:dbgheap.obj
 0001:00007410       __free_dbg                 00408410 f   LIBCMTD:dbgheap.obj
 0001:00007490       __free_dbg_nolock          00408490 f   LIBCMTD:dbgheap.obj
 0001:00007990       __free_nolock              00408990 f   LIBCMTD:dbgheap.obj
 0001:000079b0       __heap_alloc               004089b0 f   LIBCMTD:dbgheap.obj
 0001:000079d0       __heap_alloc_dbg           004089d0 f   LIBCMTD:dbgheap.obj
 0001:00007df0       __malloc_dbg               00408df0 f   LIBCMTD:dbgheap.obj
 0001:00007e20       __msize                    00408e20 f   LIBCMTD:dbgheap.obj
 0001:00007e40       __msize_dbg                00408e40 f   LIBCMTD:dbgheap.obj
 0001:00008050       __nh_malloc                00409050 f   LIBCMTD:dbgheap.obj
 0001:00008070       __nh_malloc_dbg            00409070 f   LIBCMTD:dbgheap.obj
 0001:00008300       __realloc_dbg              00409300 f   LIBCMTD:dbgheap.obj
 0001:000083a0       __recalloc                 004093a0 f   LIBCMTD:dbgheap.obj
 0001:000083d0       __recalloc_dbg             004093d0 f   LIBCMTD:dbgheap.obj
 0001:00008a90       __VEC_memset               00409a90 f   LIBCMTD:p4_memset.obj
 0001:00008b60       ___isa_available_init      00409b60 f   LIBCMTD:cpu_disp.obj
 0001:00008e10       ?strrchr@@YAPADPADH@Z      00409e10 f i LIBCMTD:cvt.obj
 0001:00008e30       __cfltcvt                  00409e30 f   LIBCMTD:cvt.obj
 0001:00008e60       __cfltcvt_l                00409e60 f   LIBCMTD:cvt.obj
 0001:00008f20       __cftoa                    00409f20 f   LIBCMTD:cvt.obj
 0001:00008f50       __cftoa_l                  00409f50 f   LIBCMTD:cvt.obj
 0001:000097c0       __cftoe                    0040a7c0 f   LIBCMTD:cvt.obj
 0001:00009c00       __cftoe_l                  0040ac00 f   LIBCMTD:cvt.obj
 0001:00009e30       __cftof                    0040ae30 f   LIBCMTD:cvt.obj
 0001:0000a0e0       __cftof_l                  0040b0e0 f   LIBCMTD:cvt.obj
 0001:0000a2e0       __cftog                    0040b2e0 f   LIBCMTD:cvt.obj
 0001:0000a310       __cftog_l                  0040b310 f   LIBCMTD:cvt.obj
 0001:0000a5a0       __cropzeros                0040b5a0 f   LIBCMTD:cvt.obj
 0001:0000a5c0       __cropzeros_l              0040b5c0 f   LIBCMTD:cvt.obj
 0001:0000a6e0       __fassign                  0040b6e0 f   LIBCMTD:cvt.obj
 0001:0000a700       __fassign_l                0040b700 f   LIBCMTD:cvt.obj
 0001:0000a750       __forcdecpt                0040b750 f   LIBCMTD:cvt.obj
 0001:0000a770       __forcdecpt_l              0040b770 f   LIBCMTD:cvt.obj
 0001:0000a840       __positive                 0040b840 f   LIBCMTD:cvt.obj
 0001:0000a8a0       __setdefaultprecision      0040b8a0 f   LIBCMTD:fp8.obj
 0001:0000a8e0       __initp_misc_cfltcvt_tab   0040b8e0 f   LIBCMTD:cmiscdat.obj
 0001:0000a920       __flsbuf                   0040b920 f   LIBCMTD:_flsbuf.obj
 0001:0000abf0       __vscprintf                0040bbf0 f   LIBCMTD:vsprintf.obj
 0001:0000ac10       __vscprintf_helper         0040bc10 f   LIBCMTD:vsprintf.obj
 0001:0000ad00       __vscprintf_l              0040bd00 f   LIBCMTD:vsprintf.obj
 0001:0000ad20       __vscprintf_p              0040bd20 f   LIBCMTD:vsprintf.obj
 0001:0000ad40       __vscprintf_p_l            0040bd40 f   LIBCMTD:vsprintf.obj
 0001:0000ad60       __vsprintf_l               0040bd60 f   LIBCMTD:vsprintf.obj
 0001:0000af20       _vsprintf                  0040bf20 f   LIBCMTD:vsprintf.obj
 0001:0000af40       __vsnprintf_c              0040bf40 f   LIBCMTD:vsnprnc.obj
 0001:0000af90       __vsnprintf_c_l            0040bf90 f   LIBCMTD:vsnprnc.obj
 0001:0000afe0       __vsnprintf_helper         0040bfe0 f   LIBCMTD:vsnprnc.obj
 0001:0000b1e0       __vsnprintf_s              0040c1e0 f   LIBCMTD:vsnprnc.obj
 0001:0000b210       __vsnprintf_s_l            0040c210 f   LIBCMTD:vsnprnc.obj
 0001:0000b5d0       __vsprintf_p               0040c5d0 f   LIBCMTD:vsnprnc.obj
 0001:0000b620       __vsprintf_p_l             0040c620 f   LIBCMTD:vsnprnc.obj
 0001:0000b670       __vsprintf_s_l             0040c670 f   LIBCMTD:vsnprnc.obj
 0001:0000b900       _vsprintf_s                0040c900 f   LIBCMTD:vsnprnc.obj
 0001:0000b920       ___raise_securityfailure   0040c920 f   LIBCMTD:gs_report.obj
 0001:0000b970       ___report_gsfailure        0040c970 f   LIBCMTD:gs_report.obj
 0001:0000ba80       ___report_rangecheckfailure 0040ca80 f   LIBCMTD:gs_report.obj
 0001:0000ba90       ___report_securityfailure  0040ca90 f   LIBCMTD:gs_report.obj
 0001:0000bb70       ___report_securityfailureEx 0040cb70 f   LIBCMTD:gs_report.obj
 0001:0000bca0       _memcpy_s                  0040cca0 f   LIBCMTD:memcpy_s.obj
 0001:0000be70       _wcscat_s                  0040ce70 f   LIBCMTD:wcscat_s.obj
 0001:0000c280       _wcscpy_s                  0040d280 f   LIBCMTD:wcscpy_s.obj
 0001:0000c590       _wcslen                    0040d590 f   LIBCMTD:wcslen.obj
 0001:0000c5d0       _wcsncat_s                 0040d5d0 f   LIBCMTD:wcsncat_s.obj
 0001:0000cac0       ___copy_path_to_wide_string 0040dac0 f   LIBCMTD:crt0dat.obj
 0001:0000ccb0       ___copy_to_char            0040dcb0 f   LIBCMTD:crt0dat.obj
 0001:0000cea0       ___crtCorExitProcess       0040dea0 f   LIBCMTD:crt0dat.obj
 0001:0000cee0       ___crtExitProcess          0040dee0 f   LIBCMTD:crt0dat.obj
 0001:0000cf00       ___freeCrtMemory           0040df00 f   LIBCMTD:crt0dat.obj
 0001:0000d0d0       __amsg_exit                0040e0d0 f   LIBCMTD:crt0dat.obj
 0001:0000d0f0       __c_exit                   0040e0f0 f   LIBCMTD:crt0dat.obj
 0001:0000d110       __cexit                    0040e110 f   LIBCMTD:crt0dat.obj
 0001:0000d130       __cinit                    0040e130 f   LIBCMTD:crt0dat.obj
 0001:0000d1d0       __exit                     0040e1d0 f   LIBCMTD:crt0dat.obj
 0001:0000d1f0       __exit_app                 0040e1f0 f   LIBCMTD:crt0dat.obj
 0001:0000d210       __get_pgmptr               0040e210 f   LIBCMTD:crt0dat.obj
 0001:0000d330       __get_wpgmptr              0040e330 f   LIBCMTD:crt0dat.obj
 0001:0000d450       __init_pointers            0040e450 f   LIBCMTD:crt0dat.obj
 0001:0000d4e0       __initterm_e               0040e4e0 f   LIBCMTD:crt0dat.obj
 0001:0000d520       __lockexit                 0040e520 f   LIBCMTD:crt0dat.obj
 0001:0000d530       __unlockexit               0040e530 f   LIBCMTD:crt0dat.obj
 0001:0000d730       _exit                      0040e730 f   LIBCMTD:crt0dat.obj
 0001:0000d750       __set_abort_behavior       0040e750 f   LIBCMTD:abort.obj
 0001:0000d780       _abort                     0040e780 f   LIBCMTD:abort.obj
 0001:0000d7f0       ___set_app_type            0040e7f0 f   LIBCMTD:errmode.obj
 0001:0000d800       __set_error_mode           0040e800 f   LIBCMTD:errmode.obj
 0001:0000dd00       __i64tow_s                 0040ed00 f   LIBCMTD:xtows.obj
 0001:0000dd50       __itow_s                   0040ed50 f   LIBCMTD:xtows.obj
 0001:0000ddb0       __ltow_s                   0040edb0 f   LIBCMTD:xtows.obj
 0001:0000ddf0       __ui64tow_s                0040edf0 f   LIBCMTD:xtows.obj
 0001:0000de10       __ultow_s                  0040ee10 f   LIBCMTD:xtows.obj
 0001:0000e230       __fflush_nolock            0040f230 f   LIBCMTD:fflush.obj
 0001:0000e2a0       __flush                    0040f2a0 f   LIBCMTD:fflush.obj
 0001:0000e360       __flushall                 0040f360 f   LIBCMTD:fflush.obj
 0001:0000e370       _fflush                    0040f370 f   LIBCMTD:fflush.obj
 0001:0000e5b0       _setvbuf                   0040f5b0 f   LIBCMTD:setvbuf.obj
 0001:0000e8b0       __fwprintf_l               0040f8b0 f   LIBCMTD:fwprintf.obj
 0001:0000e8e0       __fwprintf_p               0040f8e0 f   LIBCMTD:fwprintf.obj
 0001:0000e910       __fwprintf_p_l             0040f910 f   LIBCMTD:fwprintf.obj
 0001:0000e940       __fwprintf_s_l             0040f940 f   LIBCMTD:fwprintf.obj
 0001:0000e970       _fwprintf                  0040f970 f   LIBCMTD:fwprintf.obj
 0001:0000eb20       _fwprintf_s                0040fb20 f   LIBCMTD:fwprintf.obj
 0001:0000eb50       __vsnwprintf_s             0040fb50 f   LIBCMTD:vswprnc.obj
 0001:0000eb80       __vsnwprintf_s_l           0040fb80 f   LIBCMTD:vswprnc.obj
 0001:0000ef50       __vswprintf_c              0040ff50 f   LIBCMTD:vswprnc.obj
 0001:0000efa0       __vswprintf_c_l            0040ffa0 f   LIBCMTD:vswprnc.obj
 0001:0000eff0       __vswprintf_helper         0040fff0 f   LIBCMTD:vswprnc.obj
 0001:0000f260       __vswprintf_p              00410260 f   LIBCMTD:vswprnc.obj
 0001:0000f2b0       __vswprintf_p_l            004102b0 f   LIBCMTD:vswprnc.obj
 0001:0000f300       __vswprintf_s_l            00410300 f   LIBCMTD:vswprnc.obj
 0001:0000f590       _vswprintf_s               00410590 f   LIBCMTD:vswprnc.obj
 0001:0000f5b0       ___fpecode                 004105b0 f   LIBCMTD:winsig.obj
 0001:0000f5c0       ___get_sigabrt             004105c0 f   LIBCMTD:winsig.obj
 0001:0000f5e0       ___pxcptinfoptrs           004105e0 f   LIBCMTD:winsig.obj
 0001:0000f5f0       __initp_misc_winsig        004105f0 f   LIBCMTD:winsig.obj
 0001:0000f720       _raise                     00410720 f   LIBCMTD:winsig.obj
 0001:0000fab0       _signal                    00410ab0 f   LIBCMTD:winsig.obj
 0001:0000fe60       ___crtMessageBoxW          00410e60 f   LIBCMTD:crtmboxw.obj
 0001:00010170       ___crtMessageBoxWaitThreadW@4 00411170 f   LIBCMTD:crtmboxw.obj
 0001:000101b0       @__security_check_cookie@4 004111b0 f   LIBCMTD:secchk.obj
 0001:000101c0       __FF_MSGBANNER             004111c0 f   LIBCMTD:crt0msg.obj
 0001:00010210       __GET_RTERRMSG             00411210 f   LIBCMTD:crt0msg.obj
 0001:00010250       __NMSG_WRITE               00411250 f   LIBCMTD:crt0msg.obj
 0001:00010610       ?__CxxUnhandledExceptionFilter@@YGJPAU_EXCEPTION_POINTERS@@@Z 00411610 f   LIBCMTD:unhandld.obj
 0001:00010680       ___CxxSetUnhandledExceptionFilter 00411680 f   LIBCMTD:unhandld.obj
 0001:000106a0       __XcptFilter               004116a0 f   LIBCMTD:winxfltr.obj
 0001:000108a0       ___CppXcptFilter           004118a0 f   LIBCMTD:winxfltr.obj
 0001:00010930       ___get_flsindex            00411930 f   LIBCMTD:tidtable.obj
 0001:00010940       ___threadhandle            00411940 f   LIBCMTD:tidtable.obj
 0001:00010950       ___threadid                00411950 f   LIBCMTD:tidtable.obj
 0001:00010960       __freefls@4                00411960 f   LIBCMTD:tidtable.obj
 0001:00010b60       __freeptd                  00411b60 f   LIBCMTD:tidtable.obj
 0001:00010ba0       __getptd                   00411ba0 f   LIBCMTD:tidtable.obj
 0001:00010bd0       __getptd_noexit            00411bd0 f   LIBCMTD:tidtable.obj
 0001:00010c80       __initptd                  00411c80 f   LIBCMTD:tidtable.obj
 0001:00010dc0       __mtinit                   00411dc0 f   LIBCMTD:tidtable.obj
 0001:00010e70       __mtterm                   00411e70 f   LIBCMTD:tidtable.obj
 0001:00010ea0       __get_heap_handle          00411ea0 f   LIBCMTD:heapinit.obj
 0001:00010ee0       __heap_init                00411ee0 f   LIBCMTD:heapinit.obj
 0001:00010f10       __heap_term                00411f10 f   LIBCMTD:heapinit.obj
 0001:00010f20       __ioinit                   00411f20 f   LIBCMTD:ioinit.obj
 0001:00011400       __ioterm                   00412400 f   LIBCMTD:ioinit.obj
 0001:000114a0       __set_pgmptr               004124a0 f i LIBCMTD:stdargv.obj
 0001:000114b0       __setargv                  004124b0 f   LIBCMTD:stdargv.obj
 0001:00011980       __setenvp                  00412980 f   LIBCMTD:stdenvp.obj
 0001:00011b20       ___security_init_cookie    00412b20 f   LIBCMTD:gs_support.obj
 0001:00011c00       __RTC_Initialize           00412c00 f   LIBCMTD:initsect.obj
 0001:00011c30       __RTC_Terminate            00412c30 f   LIBCMTD:initsect.obj
 0001:00011c60       ___crtGetEnvironmentStringsA 00412c60 f   LIBCMTD:a_env.obj
 0001:00011db0       ___crtCloseThreadpoolTimer 00412db0 f   LIBCMTD:winapisupp.obj
 0001:00011de0       ___crtCloseThreadpoolWait  00412de0 f   LIBCMTD:winapisupp.obj
 0001:00011e10       ___crtCreateEventExW       00412e10 f   LIBCMTD:winapisupp.obj
 0001:00011e70       ___crtCreateSemaphoreExW   00412e70 f   LIBCMTD:winapisupp.obj
 0001:00011ed0       ___crtCreateSymbolicLinkW  00412ed0 f   LIBCMTD:winapisupp.obj
 0001:00011f10       ___crtCreateThreadpoolTimer 00412f10 f   LIBCMTD:winapisupp.obj
 0001:00011f50       ___crtCreateThreadpoolWait 00412f50 f   LIBCMTD:winapisupp.obj
 0001:00011f90       ___crtFlsAlloc             00412f90 f   LIBCMTD:winapisupp.obj
 0001:00011fc0       ___crtFlsFree              00412fc0 f   LIBCMTD:winapisupp.obj
 0001:00012000       ___crtFlsGetValue          00413000 f   LIBCMTD:winapisupp.obj
 0001:00012040       ___crtFlsSetValue          00413040 f   LIBCMTD:winapisupp.obj
 0001:00012080       ___crtFlushProcessWriteBuffers 00413080 f   LIBCMTD:winapisupp.obj
 0001:000120b0       ___crtFreeLibraryWhenCallbackReturns 004130b0 f   LIBCMTD:winapisupp.obj
 0001:000120e0       ___crtGetCurrentProcessorNumber 004130e0 f   LIBCMTD:winapisupp.obj
 0001:00012110       ___crtGetFileInformationByHandleEx 00413110 f   LIBCMTD:winapisupp.obj
 0001:00012150       ___crtGetLogicalProcessorInformation 00413150 f   LIBCMTD:winapisupp.obj
 0001:00012190       ___crtGetShowWindowMode    00413190 f   LIBCMTD:winapisupp.obj
 0001:000121c0       ___crtGetTickCount64       004131c0 f   LIBCMTD:winapisupp.obj
 0001:000121f0       ___crtInitializeCriticalSectionEx 004131f0 f   LIBCMTD:winapisupp.obj
 0001:00012240       ___crtIsPackagedApp        00413240 f   LIBCMTD:winapisupp.obj
 0001:00012280       ___crtLoadWinApiPointers   00413280 f   LIBCMTD:winapisupp.obj
 0001:00012720       ___crtSetFileInformationByHandle 00413720 f   LIBCMTD:winapisupp.obj
 0001:00012760       ___crtSetThreadStackGuarantee 00413760 f   LIBCMTD:winapisupp.obj
 0001:00012790       ___crtSetThreadpoolTimer   00413790 f   LIBCMTD:winapisupp.obj
 0001:000127d0       ___crtSetThreadpoolWait    004137d0 f   LIBCMTD:winapisupp.obj
 0001:00012800       ___crtSetUnhandledExceptionFilter 00413800 f   LIBCMTD:winapisupp.obj
 0001:00012810       ___crtSleep                00413810 f   LIBCMTD:winapisupp.obj
 0001:00012820       ___crtTerminateProcess     00413820 f   LIBCMTD:winapisupp.obj
 0001:00012840       ___crtUnhandledException   00413840 f   LIBCMTD:winapisupp.obj
 0001:00012860       ___crtWaitForThreadpoolTimerCallbacks 00413860 f   LIBCMTD:winapisupp.obj
 0001:00012890       __CrtDefaultAllocHook      00413890 f   LIBCMTD:dbghook.obj
 0001:000128a0       __crt_debugger_hook        004138a0 f   LIBCMTD:dbghook.obj
 0001:000128b0       __fcloseall                004138b0 f   LIBCMTD:closeall.obj
 0001:000129e0       __lock                     004139e0 f   LIBCMTD:mlock.obj
 0001:00012a20       __lockerr_exit             00413a20 f   LIBCMTD:mlock.obj
 0001:00012a50       __mtdeletelocks            00413a50 f   LIBCMTD:mlock.obj
 0001:00012b10       __mtinitlocknum            00413b10 f   LIBCMTD:mlock.obj
 0001:00012c30       __mtinitlocks              00413c30 f   LIBCMTD:mlock.obj
 0001:00012cb0       __unlock                   00413cb0 f   LIBCMTD:mlock.obj
 0001:00012cd0       __output_s_l               00413cd0 f   LIBCMTD:outputs.obj
 0001:00014680       __output_p_l               00415680 f   LIBCMTD:outputp.obj
 0001:00018480       __validate_param_reuseA    00419480 f   LIBCMTD:outputp.obj
 0001:00018770       _get_crtdouble_arg         00419770 f i LIBCMTD:outputp.obj
 0001:00018930       ___swprintf_l              00419930 f   LIBCMTD:swprintf.obj
 0001:00018960       __scwprintf                00419960 f   LIBCMTD:swprintf.obj
 0001:00018980       __scwprintf_l              00419980 f   LIBCMTD:swprintf.obj
 0001:000189b0       __scwprintf_p              004199b0 f   LIBCMTD:swprintf.obj
 0001:000189d0       __scwprintf_p_l            004199d0 f   LIBCMTD:swprintf.obj
 0001:00018a00       __snwprintf_s              00419a00 f   LIBCMTD:swprintf.obj
 0001:00018a30       __snwprintf_s_l            00419a30 f   LIBCMTD:swprintf.obj
 0001:00018a60       __swprintf                 00419a60 f   LIBCMTD:swprintf.obj
 0001:00018c80       __swprintf_p               00419c80 f   LIBCMTD:swprintf.obj
 0001:00018cb0       __swprintf_p_l             00419cb0 f   LIBCMTD:swprintf.obj
 0001:00018ce0       __swprintf_s_l             00419ce0 f   LIBCMTD:swprintf.obj
 0001:00018d10       _swprintf_s                00419d10 f   LIBCMTD:swprintf.obj
 0001:00018d40       __CrtDbgBreak              00419d40 f   LIBCMTD:dbgrptt.obj
 0001:00018d50       __CrtGetReportHook         00419d50 f   LIBCMTD:dbgrptt.obj
 0001:00018d60       __CrtSetReportFile         00419d60 f   LIBCMTD:dbgrptt.obj
 0001:00018e60       __CrtSetReportHook         00419e60 f   LIBCMTD:dbgrptt.obj
 0001:00018e80       __CrtSetReportMode         00419e80 f   LIBCMTD:dbgrptt.obj
 0001:00018fc0       __VCrtDbgReportA           00419fc0 f   LIBCMTD:dbgrptt.obj
 0001:00019830       __VCrtDbgReportW           0041a830 f   LIBCMTD:dbgrptt.obj
 0001:0001a1b0       __alloca_probe             0041b1b0 f   LIBCMTD:chkstk.obj
 0001:0001a1b0       __chkstk                   0041b1b0 f   LIBCMTD:chkstk.obj
 0001:0001a1e0       __fileno                   0041b1e0 f   LIBCMTD:fileno.obj
 0001:0001a270       __isatty                   0041b270 f   LIBCMTD:isatty.obj
 0001:0001a330       ___addlocaleref            0041b330 f   LIBCMTD:localref.obj
 0001:0001a450       ___freetlocinfo            0041b450 f   LIBCMTD:localref.obj
 0001:0001a740       ___removelocaleref         0041b740 f   LIBCMTD:localref.obj
 0001:0001a860       ___updatetlocinfo          0041b860 f   LIBCMTD:localref.obj
 0001:0001a930       __updatetlocinfoEx_nolock  0041b930 f   LIBCMTD:localref.obj
 0001:0001a9b0       ___initmbctable            0041b9b0 f   LIBCMTD:mbctype.obj
 0001:0001afd0       ___updatetmbcinfo          0041bfd0 f   LIBCMTD:mbctype.obj
 0001:0001b0f0       __getmbcp                  0041c0f0 f   LIBCMTD:mbctype.obj
 0001:0001b160       __setmbcp                  0041c160 f   LIBCMTD:mbctype.obj
 0001:0001b400       __setmbcp_nolock           0041c400 f   LIBCMTD:mbctype.obj
 0001:0001b780       ___iswcsym                 0041c780 f i LIBCMTD:_wctype.obj
 0001:0001b7c0       ___iswcsymf                0041c7c0 f i LIBCMTD:_wctype.obj
 0001:0001b800       __isleadbyte_l             0041c800 f i LIBCMTD:_wctype.obj
 0001:0001b850       __iswalnum_l               0041c850 f i LIBCMTD:_wctype.obj
 0001:0001b870       __iswalpha_l               0041c870 f i LIBCMTD:_wctype.obj
 0001:0001b890       __iswblank_l               0041c890 f i LIBCMTD:_wctype.obj
 0001:0001b8c0       __iswcntrl_l               0041c8c0 f i LIBCMTD:_wctype.obj
 0001:0001b8e0       __iswcsym_l                0041c8e0 f i LIBCMTD:_wctype.obj
 0001:0001b920       __iswcsymf_l               0041c920 f i LIBCMTD:_wctype.obj
 0001:0001b960       __iswdigit_l               0041c960 f i LIBCMTD:_wctype.obj
 0001:0001b980       __iswgraph_l               0041c980 f i LIBCMTD:_wctype.obj
 0001:0001b9a0       __iswlower_l               0041c9a0 f i LIBCMTD:_wctype.obj
 0001:0001b9c0       __iswprint_l               0041c9c0 f i LIBCMTD:_wctype.obj
 0001:0001b9e0       __iswpunct_l               0041c9e0 f i LIBCMTD:_wctype.obj
 0001:0001ba00       __iswspace_l               0041ca00 f i LIBCMTD:_wctype.obj
 0001:0001ba20       __iswupper_l               0041ca20 f i LIBCMTD:_wctype.obj
 0001:0001ba40       __iswxdigit_l              0041ca40 f i LIBCMTD:_wctype.obj
 0001:0001ba60       _isleadbyte                0041ca60 f i LIBCMTD:_wctype.obj
 0001:0001ba80       _iswalnum                  0041ca80 f i LIBCMTD:_wctype.obj
 0001:0001baa0       _iswalpha                  0041caa0 f i LIBCMTD:_wctype.obj
 0001:0001bac0       _iswascii                  0041cac0 f i LIBCMTD:_wctype.obj
 0001:0001baf0       _iswblank                  0041caf0 f i LIBCMTD:_wctype.obj
 0001:0001bb20       _iswcntrl                  0041cb20 f i LIBCMTD:_wctype.obj
 0001:0001bb40       _iswdigit                  0041cb40 f i LIBCMTD:_wctype.obj
 0001:0001bb60       _iswgraph                  0041cb60 f i LIBCMTD:_wctype.obj
 0001:0001bb80       _iswlower                  0041cb80 f i LIBCMTD:_wctype.obj
 0001:0001bba0       _iswprint                  0041cba0 f i LIBCMTD:_wctype.obj
 0001:0001bbc0       _iswpunct                  0041cbc0 f i LIBCMTD:_wctype.obj
 0001:0001bbe0       _iswspace                  0041cbe0 f i LIBCMTD:_wctype.obj
 0001:0001bc00       _iswupper                  0041cc00 f i LIBCMTD:_wctype.obj
 0001:0001bc20       _iswxdigit                 0041cc20 f i LIBCMTD:_wctype.obj
 0001:0001bc40       _strlen                    0041cc40 f   LIBCMTD:strlen.obj
 0001:0001bcd0       __wctomb_l                 0041ccd0 f   LIBCMTD:wctomb.obj
 0001:0001bd50       __wctomb_s_l               0041cd50 f   LIBCMTD:wctomb.obj
 0001:0001c0a0       _wctomb                    0041d0a0 f   LIBCMTD:wctomb.obj
 0001:0001c0f0       _wctomb_s                  0041d0f0 f   LIBCMTD:wctomb.obj
 0001:0001c110       __aulldiv                  0041d110 f   LIBCMTD:ulldiv.obj
 0001:0001c180       __aullrem                  0041d180 f   LIBCMTD:ullrem.obj
 0001:0001c200       __FindPESection            0041d200 f   LIBCMTD:pesect.obj
 0001:0001c280       __IsNonwritableInCurrentImage 0041d280 f   LIBCMTD:pesect.obj
 0001:0001c3b0       __ValidateImageBase        0041d3b0 f   LIBCMTD:pesect.obj
 0001:0001c410       __local_unwind4            0041d410 f   LIBCMTD:exsup4.obj
 0001:0001c4e6       __seh_longjmp_unwind4@4    0041d4e6 f   LIBCMTD:exsup4.obj
 0001:0001c502       @_EH4_CallFilterFunc@8     0041d502 f   LIBCMTD:exsup4.obj
 0001:0001c519       @_EH4_TransferToHandler@8  0041d519 f   LIBCMTD:exsup4.obj
 0001:0001c532       @_EH4_GlobalUnwind2@8      0041d532 f   LIBCMTD:exsup4.obj
 0001:0001c54b       @_EH4_LocalUnwind@16       0041d54b f   LIBCMTD:exsup4.obj
 0001:0001c570       __chvalidator              0041d570 f   LIBCMTD:isctype.obj
 0001:0001c5c0       __chvalidator_l            0041d5c0 f   LIBCMTD:isctype.obj
 0001:0001c680       __isctype                  0041d680 f   LIBCMTD:isctype.obj
 0001:0001c6c0       __isctype_l                0041d6c0 f   LIBCMTD:isctype.obj
 0001:0001c810       _memcpy                    0041d810 f   LIBCMTD:memcpy.obj
 0001:0001ce60       __free_base                0041de60 f   LIBCMTD:free.obj
 0001:0001ceb0       __realloc_base             0041deb0 f   LIBCMTD:realloc.obj
 0001:0001cfb0       __expand_base              0041dfb0 f   LIBCMTD:expand.obj
 0001:0001d120       __CrtDbgReport             0041e120 f   LIBCMTD:dbgrpt.obj
 0001:0001d170       __CrtDbgReportV            0041e170 f i LIBCMTD:dbgrpt.obj
 0001:0001d1a0       __CrtSetReportHook2        0041e1a0 f   LIBCMTD:dbgrpt.obj
 0001:0001d4f0       ___crtMessageWindowA       0041e4f0 f   LIBCMTD:dbgrpt.obj
 0001:0001d9a0       ?_query_new_handler@@YAP6AHI@ZXZ 0041e9a0 f   LIBCMTD:handler.obj
 0001:0001d9c0       ?_set_new_handler@@YAP6AHI@ZH@Z 0041e9c0 f   LIBCMTD:handler.obj
 0001:0001da00       ?_set_new_handler@@YAP6AHI@ZP6AHI@Z@Z 0041ea00 f   LIBCMTD:handler.obj
 0001:0001da40       __callnewh                 0041ea40 f   LIBCMTD:handler.obj
 0001:0001da80       __initp_heap_handler       0041ea80 f   LIBCMTD:handler.obj
 0001:0001da90       __heapchk                  0041ea90 f   LIBCMTD:heapchk.obj
 0001:0001dac0       __heapset                  0041eac0 f   LIBCMTD:heapchk.obj
 0001:0001dad0       __heap_alloc_base          0041ead0 f i LIBCMTD:malloc.obj
 0001:0001db30       __malloc_base              0041eb30 f   LIBCMTD:malloc.obj
 0001:0001dbc0       ___isascii                 0041ebc0 f i LIBCMTD:_ctype.obj
 0001:0001dbf0       ___iscsym                  0041ebf0 f i LIBCMTD:_ctype.obj
 0001:0001dc30       ___iscsymf                 0041ec30 f i LIBCMTD:_ctype.obj
 0001:0001dc70       ___toascii                 0041ec70 f i LIBCMTD:_ctype.obj
 0001:0001dc80       __isalnum_l                0041ec80 f i LIBCMTD:_ctype.obj
 0001:0001dd00       __isalpha_l                0041ed00 f i LIBCMTD:_ctype.obj
 0001:0001dd80       __isblank_l                0041ed80 f i LIBCMTD:_ctype.obj
 0001:0001de10       __iscntrl_l                0041ee10 f i LIBCMTD:_ctype.obj
 0001:0001de90       __iscsym_l                 0041ee90 f i LIBCMTD:_ctype.obj
 0001:0001ded0       __iscsymf_l                0041eed0 f i LIBCMTD:_ctype.obj
 0001:0001df10       __isdigit_l                0041ef10 f i LIBCMTD:_ctype.obj
 0001:0001df90       __isgraph_l                0041ef90 f i LIBCMTD:_ctype.obj
 0001:0001e010       __islower_l                0041f010 f i LIBCMTD:_ctype.obj
 0001:0001e090       __isprint_l                0041f090 f i LIBCMTD:_ctype.obj
 0001:0001e110       __ispunct_l                0041f110 f i LIBCMTD:_ctype.obj
 0001:0001e190       __isspace_l                0041f190 f i LIBCMTD:_ctype.obj
 0001:0001e210       __isupper_l                0041f210 f i LIBCMTD:_ctype.obj
 0001:0001e290       __isxdigit_l               0041f290 f i LIBCMTD:_ctype.obj
 0001:0001e310       _isalnum                   0041f310 f i LIBCMTD:_ctype.obj
 0001:0001e350       _isalpha                   0041f350 f i LIBCMTD:_ctype.obj
 0001:0001e390       _isblank                   0041f390 f i LIBCMTD:_ctype.obj
 0001:0001e3e0       _iscntrl                   0041f3e0 f i LIBCMTD:_ctype.obj
 0001:0001e410       _isdigit                   0041f410 f i LIBCMTD:_ctype.obj
 0001:0001e440       _isgraph                   0041f440 f i LIBCMTD:_ctype.obj
 0001:0001e480       _islower                   0041f480 f i LIBCMTD:_ctype.obj
 0001:0001e4b0       _isprint                   0041f4b0 f i LIBCMTD:_ctype.obj
 0001:0001e4f0       _ispunct                   0041f4f0 f i LIBCMTD:_ctype.obj
 0001:0001e520       _isspace                   0041f520 f i LIBCMTD:_ctype.obj
 0001:0001e550       _isupper                   0041f550 f i LIBCMTD:_ctype.obj
 0001:0001e580       _isxdigit                  0041f580 f i LIBCMTD:_ctype.obj
 0001:0001e5c0       __tolower                  0041f5c0 f   LIBCMTD:tolower.obj
 0001:0001e5d0       __tolower_l                0041f5d0 f   LIBCMTD:tolower.obj
 0001:0001e810       _tolower                   0041f810 f   LIBCMTD:tolower.obj
 0001:0001e860       _strcpy_s                  0041f860 f   LIBCMTD:strcpy_s.obj
 0001:0001eb60       _memmove                   0041fb60 f   LIBCMTD:memmove.obj
 0001:0001f1b0       _strrchr                   004201b0 f   LIBCMTD:strrchr.obj
 0001:0001f2f0       __fptostr                  004202f0 f   LIBCMTD:_fptostr.obj
 0001:0001f610       ___crt_atoflt_l            00420610 f   LIBCMTD:atodbl.obj
 0001:0001f720       __atodbl                   00420720 f   LIBCMTD:atodbl.obj
 0001:0001f740       __atodbl_l                 00420740 f   LIBCMTD:atodbl.obj
 0001:0001f840       __atoflt                   00420840 f   LIBCMTD:atodbl.obj
 0001:0001f860       __atoflt_l                 00420860 f   LIBCMTD:atodbl.obj
 0001:0001f880       __atoldbl                  00420880 f   LIBCMTD:atodbl.obj
 0001:0001f8a0       __atoldbl_l                004208a0 f   LIBCMTD:atodbl.obj
 0001:0001f9a0       ___dtold                   004209a0 f   LIBCMTD:cfout.obj
 0001:0001fb00       __fltout2                  00420b00 f   LIBCMTD:cfout.obj
 0001:0001fbb0       __alldiv                   00420bb0 f   LIBCMTD:lldiv.obj
 0001:0001fc60       __allrem                   00420c60 f   LIBCMTD:llrem.obj
 0001:0001fd20       __allshl                   00420d20 f   LIBCMTD:llshl.obj
 0001:0001fd40       __aullshr                  00420d40 f   LIBCMTD:ullshr.obj
 0001:0001fd60       __get_output_format        00420d60 f   LIBCMTD:outputformat.obj
 0001:0001fd70       __set_output_format        00420d70 f   LIBCMTD:outputformat.obj
 0001:0001fe10       __controlfp_s              00420e10 f   LIBCMTD:contrlfp.obj
 0001:0001ff00       __fptrap                   00420f00 f   LIBCMTD:crt0fp.obj
 0001:0001ff10       __write                    00420f10 f   LIBCMTD:write.obj
 0001:00020160       __write_nolock             00421160 f   LIBCMTD:write.obj
 0001:00020f10       __lseeki64                 00421f10 f   LIBCMTD:lseeki64.obj
 0001:00021180       __lseeki64_nolock          00422180 f   LIBCMTD:lseeki64.obj
 0001:00021250       __getbuf                   00422250 f   LIBCMTD:_getbuf.obj
 0001:00021320       ___onexitinit              00422320 f   LIBCMTD:onexit.obj
 0001:00021380       __onexit                   00422380 f   LIBCMTD:onexit.obj
 0001:00021540       _atexit                    00422540 f   LIBCMTD:onexit.obj
 0001:00021570       ?_inconsistency@@YAXXZ     00422570 f   LIBCMTD:hooks.obj
 0001:00021600       ?terminate@@YAXXZ          00422600 f   LIBCMTD:hooks.obj
 0001:00021680       ?unexpected@@YAXXZ         00422680 f   LIBCMTD:hooks.obj
 0001:000216b0       __initp_eh_hooks           004226b0 f   LIBCMTD:hooks.obj
 0001:000216d0       ___getlocaleinfo           004226d0 f   LIBCMTD:inithelp.obj
 0001:000219d0       __initp_misc_purevirt      004229d0 f   LIBCMTD:inithelp.obj
 0001:000219e0       __initp_misc_rand_s        004229e0 f   LIBCMTD:rand_s.obj
 0001:000219f0       _rand_s                    004229f0 f   LIBCMTD:rand_s.obj
 0001:00021c50       __commit                   00422c50 f   LIBCMTD:commit.obj
 0001:00021e90       __freebuf                  00422e90 f   LIBCMTD:_freebuf.obj
 0001:00021f20       __vfwprintf_l              00422f20 f   LIBCMTD:vfwprint.obj
 0001:00021f50       __vfwprintf_p              00422f50 f   LIBCMTD:vfwprint.obj
 0001:00021f70       __vfwprintf_p_l            00422f70 f   LIBCMTD:vfwprint.obj
 0001:00021fa0       __vfwprintf_s_l            00422fa0 f   LIBCMTD:vfwprint.obj
 0001:00021fd0       _vfwprintf                 00422fd0 f   LIBCMTD:vfwprint.obj
 0001:00021ff0       _vfwprintf_helper          00422ff0 f   LIBCMTD:vfwprint.obj
 0001:000221a0       _vfwprintf_s               004231a0 f   LIBCMTD:vfwprint.obj
 0001:000221c0       __woutput_l                004231c0 f   LIBCMTD:woutput.obj
 0001:000237b0       __woutput_s_l              004247b0 f   LIBCMTD:woutputs.obj
 0001:00024f00       __validate_param_reuseW    00425f00 f   LIBCMTD:woutputp.obj
 0001:000251e0       __woutput_p_l              004261e0 f   LIBCMTD:woutputp.obj
 0001:00028ce0       _wcsncpy_s                 00429ce0 f   LIBCMTD:wcsncpy_s.obj
 0001:000291d0       __ismbbalnum               0042a1d0 f   LIBCMTD:ismbbyte.obj
 0001:000291f0       __ismbbalnum_l             0042a1f0 f   LIBCMTD:ismbbyte.obj
 0001:00029210       __ismbbalpha               0042a210 f   LIBCMTD:ismbbyte.obj
 0001:00029230       __ismbbalpha_l             0042a230 f   LIBCMTD:ismbbyte.obj
 0001:00029250       __ismbbblank               0042a250 f   LIBCMTD:ismbbyte.obj
 0001:00029280       __ismbbblank_l             0042a280 f   LIBCMTD:ismbbyte.obj
 0001:000292c0       __ismbbgraph               0042a2c0 f   LIBCMTD:ismbbyte.obj
 0001:000292e0       __ismbbgraph_l             0042a2e0 f   LIBCMTD:ismbbyte.obj
 0001:00029300       __ismbbkalnum              0042a300 f   LIBCMTD:ismbbyte.obj
 0001:00029320       __ismbbkalnum_l            0042a320 f   LIBCMTD:ismbbyte.obj
 0001:00029340       __ismbbkana                0042a340 f   LIBCMTD:ismbbyte.obj
 0001:00029360       __ismbbkana_l              0042a360 f   LIBCMTD:ismbbyte.obj
 0001:000293d0       __ismbbkprint              0042a3d0 f   LIBCMTD:ismbbyte.obj
 0001:000293f0       __ismbbkprint_l            0042a3f0 f   LIBCMTD:ismbbyte.obj
 0001:00029410       __ismbbkpunct              0042a410 f   LIBCMTD:ismbbyte.obj
 0001:00029430       __ismbbkpunct_l            0042a430 f   LIBCMTD:ismbbyte.obj
 0001:00029450       __ismbblead                0042a450 f   LIBCMTD:ismbbyte.obj
 0001:00029470       __ismbblead_l              0042a470 f   LIBCMTD:ismbbyte.obj
 0001:00029490       __ismbbprint               0042a490 f   LIBCMTD:ismbbyte.obj
 0001:000294b0       __ismbbprint_l             0042a4b0 f   LIBCMTD:ismbbyte.obj
 0001:000294d0       __ismbbpunct               0042a4d0 f   LIBCMTD:ismbbyte.obj
 0001:000294f0       __ismbbpunct_l             0042a4f0 f   LIBCMTD:ismbbyte.obj
 0001:00029510       __ismbbtrail               0042a510 f   LIBCMTD:ismbbyte.obj
 0001:00029530       __ismbbtrail_l             0042a530 f   LIBCMTD:ismbbyte.obj
 0001:00029550       __fclose_nolock            0042a550 f   LIBCMTD:fclose.obj
 0001:00029660       _fclose                    0042a660 f   LIBCMTD:fclose.obj
 0001:00029c80       __strtol_l                 0042ac80 f   LIBCMTD:strtol.obj
 0001:00029ca0       __strtoul_l                0042aca0 f   LIBCMTD:strtol.obj
 0001:00029cc0       _strtol                    0042acc0 f   LIBCMTD:strtol.obj
 0001:00029d10       _strtoul                   0042ad10 f   LIBCMTD:strtol.obj
 0001:00029d60       ___vswprintf_l             0042ad60 f   LIBCMTD:vswprint.obj
 0001:00029d80       __vscwprintf               0042ad80 f   LIBCMTD:vswprint.obj
 0001:00029da0       __vscwprintf_helper        0042ada0 f   LIBCMTD:vswprint.obj
 0001:00029e90       __vscwprintf_l             0042ae90 f   LIBCMTD:vswprint.obj
 0001:00029eb0       __vscwprintf_p             0042aeb0 f   LIBCMTD:vswprint.obj
 0001:00029ed0       __vscwprintf_p_l           0042aed0 f   LIBCMTD:vswprint.obj
 0001:00029ef0       __vswprintf                0042aef0 f   LIBCMTD:vswprint.obj
 0001:00029f10       __vswprintf_l              0042af10 f   LIBCMTD:vswprint.obj
 0001:0002a130       _strcat_s                  0042b130 f   LIBCMTD:strcat_s.obj
 0001:0002a960       __i64toa_s                 0042b960 f   LIBCMTD:xtoas.obj
 0001:0002a9b0       __itoa_s                   0042b9b0 f   LIBCMTD:xtoas.obj
 0001:0002aa10       __ltoa_s                   0042ba10 f   LIBCMTD:xtoas.obj
 0001:0002aa50       __ui64toa_s                0042ba50 f   LIBCMTD:xtoas.obj
 0001:0002aa70       __ultoa_s                  0042ba70 f   LIBCMTD:xtoas.obj
 0001:0002ae70       __mbstowcs_l               0042be70 f   LIBCMTD:mbstowcs.obj
 0001:0002ae90       __mbstowcs_l_helper        0042be90 f   LIBCMTD:mbstowcs.obj
 0001:0002b220       __mbstowcs_s_l             0042c220 f   LIBCMTD:mbstowcs.obj
 0001:0002b5e0       _mbstowcs                  0042c5e0 f   LIBCMTD:mbstowcs.obj
 0001:0002b630       _mbstowcs_s                0042c630 f   LIBCMTD:mbstowcs.obj
 0001:0002b6c0       __wcstombs_l               0042c6c0 f   LIBCMTD:wcstombs.obj
 0001:0002b6e0       __wcstombs_l_helper        0042c6e0 f   LIBCMTD:wcstombs.obj
 0001:0002bbf0       __wcstombs_s_l             0042cbf0 f   LIBCMTD:wcstombs.obj
 0001:0002bf50       _wcstombs                  0042cf50 f   LIBCMTD:wcstombs.obj
 0001:0002bf70       _wcstombs_s                0042cf70 f   LIBCMTD:wcstombs.obj
 0001:0002bfa0       ___free_lconv_mon          0042cfa0 f   LIBCMTD:initmon.obj
 0001:0002c150       ___init_monetary           0042d150 f   LIBCMTD:initmon.obj
 0001:0002c760       ___free_lconv_num          0042d760 f   LIBCMTD:initnum.obj
 0001:0002c810       ___init_numeric            0042d810 f   LIBCMTD:initnum.obj
 0001:0002cbe0       ___free_lc_time            0042dbe0 f   LIBCMTD:inittime.obj
 0001:0002d510       ___init_time               0042e510 f   LIBCMTD:inittime.obj
 0001:0002e510       _localeconv                0042f510 f   LIBCMTD:lconv.obj
 0001:0002e890       __MallocaIsSizeInRange     0042f890 f i LIBCMTD:a_map.obj
 0001:0002e8c0       __MarkAllocaS              0042f8c0 f i LIBCMTD:a_map.obj
 0001:0002e8e0       ___crtLCMapStringA         0042f8e0 f   LIBCMTD:a_map.obj
 0001:0002e940       __freea                    0042f940 f i LIBCMTD:a_map.obj
 0001:0002eaf0       ___crtGetStringTypeA       0042faf0 f   LIBCMTD:a_str.obj
 0001:0002ec40       ?_CallCatchBlock2@@YAPAXPAUEHRegistrationNode@@PBU_s_FuncInfo@@PAXHK@Z 0042fc40 f   LIBCMTD:_trnsctrl_.obj
 0001:0002ecb0       ?_CallMemberFunction0@@YGXPAX0@Z 0042fcb0 f   LIBCMTD:_trnsctrl_.obj
 0001:0002ecc0       ?_CallMemberFunction1@@YGXPAX00@Z 0042fcc0 f   LIBCMTD:_trnsctrl_.obj
 0001:0002ecd0       ?_CallMemberFunction2@@YGXPAX00H@Z 0042fcd0 f   LIBCMTD:_trnsctrl_.obj
 0001:0002ece0       ?_CallSETranslator@@YAHPAUEHExceptionRecord@@PAUEHRegistrationNode@@PAX2PBU_s_FuncInfo@@H1@Z 0042fce0 f   LIBCMTD:_trnsctrl_.obj
 0001:0002edd0       ?_GetRangeOfTrysToCheck@@YAPBU_s_TryBlockMapEntry@@PBU_s_FuncInfo@@HHPAI1@Z 0042fdd0 f   LIBCMTD:_trnsctrl_.obj
 0001:0002ee60       ?_JumpToContinuation@@YGXPAXPAUEHRegistrationNode@@@Z 0042fe60 f   LIBCMTD:_trnsctrl_.obj
 0001:0002eea0       ?_UnwindNestedFrames@@YGXPAUEHRegistrationNode@@PAUEHExceptionRecord@@@Z 0042fea0 f   LIBCMTD:_trnsctrl_.obj
 0001:0002ef00       __CreateFrameInfo          0042ff00 f   LIBCMTD:_trnsctrl_.obj
 0001:0002ef30       __FindAndUnlinkFrame       0042ff30 f   LIBCMTD:_trnsctrl_.obj
 0001:0002ef90       __IsExceptionObjectToBeDestroyed 0042ff90 f   LIBCMTD:_trnsctrl_.obj
 0001:0002efc0       ___CxxFrameHandler         0042ffc0 f   LIBCMTD:_trnsctrl_.obj
 0001:0002f000       ___CxxFrameHandler2        00430000 f   LIBCMTD:_trnsctrl_.obj
 0001:0002f040       ___CxxFrameHandler3        00430040 f   LIBCMTD:_trnsctrl_.obj
 0001:0002f080       ___CxxLongjmpUnwind@4      00430080 f   LIBCMTD:_trnsctrl_.obj
 0001:0002f0b0       __iswctype_l               004300b0 f   LIBCMTD:iswctype.obj
 0001:0002f0d0       _is_wctype                 004300d0 f   LIBCMTD:iswctype.obj
 0001:0002f0f0       _iswctype                  004300f0 f   LIBCMTD:iswctype.obj
 0001:0002f150       ____lc_codepage_func       00430150 f   LIBCMTD:initctyp.obj
 0001:0002f1a0       ____lc_collate_cp_func     004301a0 f   LIBCMTD:initctyp.obj
 0001:0002f1f0       ____lc_locale_name_func    004301f0 f   LIBCMTD:initctyp.obj
 0001:0002f240       ____mb_cur_max_func        00430240 f   LIBCMTD:initctyp.obj
 0001:0002f290       ____mb_cur_max_l_func      00430290 f   LIBCMTD:initctyp.obj
 0001:0002f2c0       ___init_ctype              004302c0 f   LIBCMTD:initctyp.obj
 0001:0002f900       ___pctype_func             00430900 f   LIBCMTD:ctype.obj
 0001:0002f950       ___pwctype_func            00430950 f   LIBCMTD:ctype.obj
 0001:0002f960       __global_unwind2           00430960 f   LIBCMTD:exsup.obj
 0001:0002f9c5       __local_unwind2            004309c5 f   LIBCMTD:exsup.obj
 0001:0002fa49       __abnormal_termination     00430a49 f   LIBCMTD:exsup.obj
 0001:0002fa6c       __NLG_Notify1              00430a6c f   LIBCMTD:exsup.obj
 0001:0002fa75       __NLG_Notify               00430a75 f   LIBCMTD:exsup.obj
 0001:0002fa8c       __NLG_Dispatch             00430a8c     LIBCMTD:exsup.obj
 0001:0002fa8c       __NLG_Dispatch2            00430a8c     LIBCMTD:exsup.obj
 0001:0002fa94       __NLG_Call                 00430a94 f   LIBCMTD:exsup.obj
 0001:0002fa96       __NLG_Return2              00430a96     LIBCMTD:exsup.obj
 0001:0002faa0       ___init_dummy              00430aa0 f   LIBCMTD:wsetloca.obj
 0001:0002fab0       __locterm                  00430ab0 f   LIBCMTD:wsetloca.obj
 0001:0002fb40       ____setlc_active_func      00430b40 f   LIBCMTD:wsetloca.obj
 0001:0002fb50       ____unguarded_readlc_active_add_func 00430b50 f   LIBCMTD:wsetloca.obj
 0001:0002fb60       ___copy_locale_name        00430b60 f   LIBCMTD:wsetloca.obj
 0001:0002fc00       ___create_locale           00430c00 f   LIBCMTD:wsetloca.obj
 0001:0002fc20       ___free_locale             00430c20 f   LIBCMTD:wsetloca.obj
 0001:0002fc40       ___get_current_locale      00430c40 f   LIBCMTD:wsetloca.obj
 0001:0002fc50       ___lc_lctowcs              00430c50 f   LIBCMTD:wsetloca.obj
 0001:0002fd00       ___lc_wcstolc              00430d00 f   LIBCMTD:wsetloca.obj
 0001:0002ff20       __configthreadlocale       00430f20 f   LIBCMTD:wsetloca.obj
 0001:00030080       __create_locale            00431080 f   LIBCMTD:wsetloca.obj
 0001:000300f0       __expandlocale             004310f0 f   LIBCMTD:wsetloca.obj
 0001:000305e0       __free_locale              004315e0 f   LIBCMTD:wsetloca.obj
 0001:00030710       __get_current_locale       00431710 f   LIBCMTD:wsetloca.obj
 0001:00030830       __wcreate_locale           00431830 f   LIBCMTD:wsetloca.obj
 0001:00030a20       __wcscats                  00431a20 f   LIBCMTD:wsetloca.obj
 0001:00030aa0       __wsetlocale               00431aa0 f   LIBCMTD:wsetloca.obj
 0001:00031b30       __CopyMan                  00432b30 f i LIBCMTD:intrncvt.obj
 0001:00031b80       __FillZeroMan              00432b80 f i LIBCMTD:intrncvt.obj
 0001:00031bb0       __IncMan                   00432bb0 f i LIBCMTD:intrncvt.obj
 0001:00031c60       __IsZeroMan                00432c60 f i LIBCMTD:intrncvt.obj
 0001:00031ca0       __RoundMan                 00432ca0 f i LIBCMTD:intrncvt.obj
 0001:00031d80       __ShrMan                   00432d80 f i LIBCMTD:intrncvt.obj
 0001:00031e70       __ZeroTail                 00432e70 f i LIBCMTD:intrncvt.obj
 0001:00031f00       ___addl                    00432f00 f i LIBCMTD:intrncvt.obj
 0001:00031f40       __ld12cvt                  00432f40 f i LIBCMTD:intrncvt.obj
 0001:00032200       __ld12tod                  00433200 f   LIBCMTD:intrncvt.obj
 0001:00032220       __ld12tof                  00433220 f   LIBCMTD:intrncvt.obj
 0001:00032240       __ld12told                 00433240 f   LIBCMTD:intrncvt.obj
 0001:00032340       ___STRINGTOLD_L            00433340 f   LIBCMTD:strgtold.obj
 0001:000323b0       ___ld12mul                 004333b0 f i LIBCMTD:strgtold.obj
 0001:000327c0       ___multtenpow12            004337c0 f i LIBCMTD:strgtold.obj
 0001:000328a0       ___shl_12                  004338a0 f i LIBCMTD:strgtold.obj
 0001:00032920       ___shr_12                  00433920 f i LIBCMTD:strgtold.obj
 0001:000329a0       ___strgtold12_l            004339a0 f   LIBCMTD:strgtold.obj
 0001:00033490       _$I10_OUTPUT               00434490 f   LIBCMTD:x10fout.obj
 0001:00033aa0       ___add_12                  00434aa0 f i LIBCMTD:x10fout.obj
 0001:00033d50       ___control87_2             00434d50 f   LIBCMTD:ieee87.obj
 0001:000341f0       __clearfp                  004351f0 f   LIBCMTD:ieee87.obj
 0001:00034230       __control87                00435230 f i LIBCMTD:ieee87.obj
 0001:000342e0       __controlfp                004352e0 f   LIBCMTD:ieee87.obj
 0001:00034300       __fpreset                  00435300 f   LIBCMTD:ieee87.obj
 0001:000344c0       __set_controlfp            004354c0 f   LIBCMTD:ieee87.obj
 0001:00034550       __statusfp                 00435550 f   LIBCMTD:ieee87.obj
 0001:00034590       __statusfp2                00435590 f   LIBCMTD:ieee87.obj
 0001:000345d0       ___lock_fhandle            004355d0 f   LIBCMTD:osfinfo.obj
 0001:000346c0       __alloc_osfhnd             004356c0 f   LIBCMTD:osfinfo.obj
 0001:00034960       __free_osfhnd              00435960 f   LIBCMTD:osfinfo.obj
 0001:00034a50       __get_osfhandle            00435a50 f   LIBCMTD:osfinfo.obj
 0001:00034bd0       __open_osfhandle           00435bd0 f   LIBCMTD:osfinfo.obj
 0001:00034e00       __set_osfhnd               00435e00 f   LIBCMTD:osfinfo.obj
 0001:00034ed0       __unlock_fhandle           00435ed0 f   LIBCMTD:osfinfo.obj
 0001:00034f00       __mbtowc_l                 00435f00 f   LIBCMTD:mbtowc.obj
 0001:00035140       _mbtowc                    00436140 f   LIBCMTD:mbtowc.obj
 0001:00035160       __putwch                   00436160 f   LIBCMTD:putwch.obj
 0001:000351f0       __putwch_nolock            004361f0 f   LIBCMTD:putwch.obj
 0001:00035240       _strncpy_s                 00436240 f   LIBCMTD:strncpy_s.obj
 0001:00035790       ___crtGetLocaleInfoA       00436790 f   LIBCMTD:a_loc.obj
 0001:000357e0       _GetTableIndexFromLcid     004367e0 f   LIBCMTD:winapinls.obj
 0001:00035850       _GetTableIndexFromLocaleName 00436850 f   LIBCMTD:winapinls.obj
 0001:000358e0       ___crtCompareStringEx      004368e0 f   LIBCMTD:winapinls.obj
 0001:00035950       ___crtDownlevelLCIDToLocaleName 00436950 f   LIBCMTD:winapinls.obj
 0001:00035a20       ___crtDownlevelLocaleNameToLCID 00436a20 f   LIBCMTD:winapinls.obj
 0001:00035a80       ___crtEnumSystemLocalesEx  00436a80 f   LIBCMTD:winapinls.obj
 0001:00035af0       ___crtGetDateFormatEx      00436af0 f   LIBCMTD:winapinls.obj
 0001:00035b60       ___crtGetLocaleInfoEx      00436b60 f   LIBCMTD:winapinls.obj
 0001:00035bc0       ___crtGetTimeFormatEx      00436bc0 f   LIBCMTD:winapinls.obj
 0001:00035c30       ___crtGetUserDefaultLocaleName 00436c30 f   LIBCMTD:winapinls.obj
 0001:00035c80       ___crtIsValidLocaleName    00436c80 f   LIBCMTD:winapinls.obj
 0001:00035cc0       ___crtLCMapStringEx        00436cc0 f   LIBCMTD:winapinls.obj
 0001:00035d30       ___wcsnicmp_ascii          00436d30 f   LIBCMTD:winapinls.obj
 0001:00035e00       __fputwc_nolock            00436e00 f   LIBCMTD:fputwc.obj
 0001:000360f0       _fputwc                    004370f0 f   LIBCMTD:fputwc.obj
 0001:00036200       _putwc                     00437200 f   LIBCMTD:fputwc.obj
 0001:000365e0       __wcstol_l                 004375e0 f   LIBCMTD:wcstol.obj
 0001:00036600       __wcstoul_l                00437600 f   LIBCMTD:wcstol.obj
 0001:00036620       _wcstol                    00437620 f   LIBCMTD:wcstol.obj
 0001:00036640       _wcstoul                   00437640 f   LIBCMTD:wcstol.obj
 0001:00036660       __close                    00437660 f   LIBCMTD:close.obj
 0001:000368a0       __close_nolock             004378a0 f   LIBCMTD:close.obj
 0001:00036980       _free                      00437980 f   LIBCMTD:dbgfree.obj
 0001:000369a0       __CallSettingFrame@12      004379a0 f   LIBCMTD:lowhelpr.obj
 0001:000369c7       __NLG_Return               004379c7     LIBCMTD:lowhelpr.obj
 0001:000369f0       ___DestructExceptionObject 004379f0 f   LIBCMTD:frame.obj
 0001:00036b10       ??0bad_exception@std@@QAE@ABV01@@Z 00437b10 f i LIBCMTD:frame.obj
 0001:00036b40       ??0bad_exception@std@@QAE@PBD@Z 00437b40 f i LIBCMTD:frame.obj
 0001:00036b70       ??1bad_exception@std@@UAE@XZ 00437b70 f i LIBCMTD:frame.obj
 0001:00036b90       ??_Gbad_exception@std@@UAEPAXI@Z 00437b90 f i LIBCMTD:frame.obj
 0001:00036b90       ??_Ebad_exception@std@@UAEPAXI@Z 00437b90 f i LIBCMTD:frame.obj
 0001:00037780       ?__uncaught_exception@@YA_NXZ 00438780 f   LIBCMTD:frame.obj
 0001:000377b0       ?_is_exception_typeof@@YAHABVtype_info@@PAU_EXCEPTION_POINTERS@@@Z 004387b0 f   LIBCMTD:frame.obj
 0001:00037890       __SetWinRTOutOfMemoryExceptionCallback 00438890 f   LIBCMTD:frame.obj
 0001:000378a0       ___AdjustPointer           004388a0 f   LIBCMTD:frame.obj
 0001:000378f0       ___BuildCatchObject        004388f0 f   LIBCMTD:frame.obj
 0001:00037a00       ___BuildCatchObjectHelper  00438a00 f   LIBCMTD:frame.obj
 0001:00037d00       ___CxxDetectRethrow        00438d00 f   LIBCMTD:frame.obj
 0001:00037d80       ___CxxExceptionFilter      00438d80 f   LIBCMTD:frame.obj
 0001:00037f80       ___CxxQueryExceptionSize   00438f80 f   LIBCMTD:frame.obj
 0001:00037f90       ___CxxRegisterExceptionObject 00438f90 f   LIBCMTD:frame.obj
 0001:000380d0       ___CxxUnregisterExceptionObject 004390d0 f   LIBCMTD:frame.obj
 0001:00038250       ___FrameUnwindFilter       00439250 f   LIBCMTD:frame.obj
 0001:000382d0       ___FrameUnwindToState      004392d0 f   LIBCMTD:frame.obj
 0001:00038450       ___GetPlatformExceptionInfo 00439450 f   LIBCMTD:frame.obj
 0001:00038510       ___InternalCxxFrameHandler 00439510 f   LIBCMTD:frame.obj
 0001:00038680       ___TypeMatch               00439680 f   LIBCMTD:frame.obj
 0001:00038760       ___init_collate            00439760 f   LIBCMTD:initcoll.obj
 0001:00038920       _memcmp                    00439920 f   LIBCMTD:memcmp.obj
 0001:000391f0       _wcscmp                    0043a1f0 f   LIBCMTD:wcscmp.obj
 0001:00039250       _wcscspn                   0043a250 f   LIBCMTD:wcscspn.obj
 0001:000392c0       _wcsnlen                   0043a2c0 f   LIBCMTD:wcslen_s.obj
 0001:00039300       _wcsncmp                   0043a300 f   LIBCMTD:wcsncmp.obj
 0001:00039360       _wcspbrk                   0043a360 f   LIBCMTD:wcspbrk.obj
 0001:00039ef0       ___get_qualified_locale    0043aef0 f   LIBCMTD:getqloc.obj
 0001:0003aec0       ___get_qualified_locale_downlevel 0043bec0 f   LIBCMTD:getqloc_downlevel.obj
 0001:0003b190       ___mtold12                 0043c190 f   LIBCMTD:mantold.obj
 0001:0003b2e0       ___clrfp_sse2              0043c2e0 f   LIBCMTD:fpctrl.obj
 0001:0003b320       ___ctrlfp_sse2             0043c320 f   LIBCMTD:fpctrl.obj
 0001:0003b380       ___fclrf_sse2              0043c380 f   LIBCMTD:fpctrl.obj
 0001:0003b3a0       ___get_fpsr_sse2           0043c3a0 f   LIBCMTD:fpctrl.obj
 0001:0003b3d0       ___set_fpsr_sse2           0043c3d0 f   LIBCMTD:fpctrl.obj
 0001:0003b4b0       ___set_statfp_sse2         0043c4b0 f   LIBCMTD:fpctrl.obj
 0001:0003b4e0       ___statfp_sse2             0043c4e0 f   LIBCMTD:fpctrl.obj
 0001:0003b510       __clrfp                    0043c510 f   LIBCMTD:fpctrl.obj
 0001:0003b530       __ctrlfp                   0043c530 f   LIBCMTD:fpctrl.obj
 0001:0003b560       __set_statfp               0043c560 f   LIBCMTD:fpctrl.obj
 0001:0003b5d0       __statfp                   0043c5d0 f   LIBCMTD:fpctrl.obj
 0001:0003b5e0       ___termconout              0043c5e0 f   LIBCMTD:initcon.obj
 0001:0003b610       ___initconout              0043c610 f   LIBCMTD:initcon.obj
 0001:0003b640       __flswbuf                  0043c640 f   LIBCMTD:_flswbuf.obj
 0001:0003b930       __wchartodigit             0043c930 f   LIBCMTD:wchtodig.obj
 0001:0003bc50       ??3@YAXPAX@Z               0043cc50 f   LIBCMTD:dbgdel.obj
 0001:0003bd40       _strcmp                    0043cd40 f   LIBCMTD:strcmp.obj
 0001:0003bdd0       ?_ValidateExecute@@YAHP6GHXZ@Z 0043cdd0 f   LIBCMTD:validate.obj
 0001:0003bdf0       ?_ValidateRead@@YAHPBXI@Z  0043cdf0 f   LIBCMTD:validate.obj
 0001:0003be10       ?_ValidateWrite@@YAHPAXI@Z 0043ce10 f   LIBCMTD:validate.obj
 0001:0003be30       ??0type_info@@AAE@ABV0@@Z  0043ce30 f   LIBCMTD:typinfo.obj
 0001:0003be50       ??1type_info@@UAE@XZ       0043ce50 f   LIBCMTD:typinfo.obj
 0001:0003be70       ??4type_info@@AAEAAV0@ABV0@@Z 0043ce70 f   LIBCMTD:typinfo.obj
 0001:0003be80       ??8type_info@@QBE_NABV0@@Z 0043ce80 f   LIBCMTD:typinfo.obj
 0001:0003bec0       ??9type_info@@QBE_NABV0@@Z 0043cec0 f   LIBCMTD:typinfo.obj
 0001:0003bf00       ??_Etype_info@@UAEPAXI@Z   0043cf00 f i LIBCMTD:typinfo.obj
 0001:0003bf00       ??_Gtype_info@@UAEPAXI@Z   0043cf00 f i LIBCMTD:typinfo.obj
 0001:0003bf30       ?_name_internal_method@type_info@@QBEPBDPAU__type_info_node@@@Z 0043cf30 f   LIBCMTD:typinfo.obj
 0001:0003bf50       ?_type_info_dtor_internal_method@type_info@@QAEXXZ 0043cf50 f   LIBCMTD:typinfo.obj
 0001:0003bf70       ?before@type_info@@QBE_NABV1@@Z 0043cf70 f   LIBCMTD:typinfo.obj
 0001:0003bfb0       ?name@type_info@@QBEPBDPAU__type_info_node@@@Z 0043cfb0 f   LIBCMTD:typinfo.obj
 0001:0003bfd0       ?raw_name@type_info@@QBEPBDXZ 0043cfd0 f   LIBCMTD:typinfo.obj
 0001:0003bff0       ??0__non_rtti_object@std@@QAE@ABV01@@Z 0043cff0 f   LIBCMTD:stdexcpt.obj
 0001:0003c020       ??0__non_rtti_object@std@@QAE@PBD@Z 0043d020 f   LIBCMTD:stdexcpt.obj
 0001:0003c050       ??0bad_cast@std@@QAE@ABV01@@Z 0043d050 f   LIBCMTD:stdexcpt.obj
 0001:0003c080       ??0bad_cast@std@@QAE@PBD@Z 0043d080 f   LIBCMTD:stdexcpt.obj
 0001:0003c0b0       ??0bad_typeid@std@@QAE@ABV01@@Z 0043d0b0 f   LIBCMTD:stdexcpt.obj
 0001:0003c0e0       ??0bad_typeid@std@@QAE@PBD@Z 0043d0e0 f   LIBCMTD:stdexcpt.obj
 0001:0003c110       ??0exception@std@@QAE@ABQBD@Z 0043d110 f   LIBCMTD:stdexcpt.obj
 0001:0003c150       ??0exception@std@@QAE@ABQBDH@Z 0043d150 f   LIBCMTD:stdexcpt.obj
 0001:0003c180       ??0exception@std@@QAE@ABV01@@Z 0043d180 f   LIBCMTD:stdexcpt.obj
 0001:0003c1c0       ??0exception@std@@QAE@XZ   0043d1c0 f   LIBCMTD:stdexcpt.obj
 0001:0003c1f0       ??1__non_rtti_object@std@@UAE@XZ 0043d1f0 f   LIBCMTD:stdexcpt.obj
 0001:0003c210       ??1bad_cast@std@@UAE@XZ    0043d210 f   LIBCMTD:stdexcpt.obj
 0001:0003c230       ??1bad_typeid@std@@UAE@XZ  0043d230 f   LIBCMTD:stdexcpt.obj
 0001:0003c250       ??1exception@std@@UAE@XZ   0043d250 f   LIBCMTD:stdexcpt.obj
 0001:0003c270       ??4exception@std@@QAEAAV01@ABV01@@Z 0043d270 f   LIBCMTD:stdexcpt.obj
 0001:0003c2c0       ??_G__non_rtti_object@std@@UAEPAXI@Z 0043d2c0 f i LIBCMTD:stdexcpt.obj
 0001:0003c2c0       ??_E__non_rtti_object@std@@UAEPAXI@Z 0043d2c0 f i LIBCMTD:stdexcpt.obj
 0001:0003c2f0       ??_Gbad_cast@std@@UAEPAXI@Z 0043d2f0 f i LIBCMTD:stdexcpt.obj
 0001:0003c2f0       ??_Ebad_cast@std@@UAEPAXI@Z 0043d2f0 f i LIBCMTD:stdexcpt.obj
 0001:0003c320       ??_Gbad_typeid@std@@UAEPAXI@Z 0043d320 f i LIBCMTD:stdexcpt.obj
 0001:0003c320       ??_Ebad_typeid@std@@UAEPAXI@Z 0043d320 f i LIBCMTD:stdexcpt.obj
 0001:0003c350       ??_Gexception@std@@UAEPAXI@Z 0043d350 f i LIBCMTD:stdexcpt.obj
 0001:0003c350       ??_Eexception@std@@UAEPAXI@Z 0043d350 f i LIBCMTD:stdexcpt.obj
 0001:0003c380       ?_Copy_str@exception@std@@AAEXPBD@Z 0043d380 f   LIBCMTD:stdexcpt.obj
 0001:0003c3e0       ?_Tidy@exception@std@@AAEXXZ 0043d3e0 f   LIBCMTD:stdexcpt.obj
 0001:0003c420       ?what@exception@std@@UBEPBDXZ 0043d420 f   LIBCMTD:stdexcpt.obj
 0001:0003c450       __CxxThrowException@8      0043d450 f   LIBCMTD:throw.obj
 0001:0003c4f0       __wtoi                     0043d4f0 f   LIBCMTD:wtox.obj
 0001:0003c510       __wtoi64                   0043d510 f   LIBCMTD:wtox.obj
 0001:0003c530       __wtoi64_l                 0043d530 f   LIBCMTD:wtox.obj
 0001:0003c550       __wtoi_l                   0043d550 f   LIBCMTD:wtox.obj
 0001:0003c570       __wtol                     0043d570 f   LIBCMTD:wtox.obj
 0001:0003c590       __wtol_l                   0043d590 f   LIBCMTD:wtox.obj
 0001:0003c5b0       __wtoll                    0043d5b0 f   LIBCMTD:wtox.obj
 0001:0003c5d0       __wtoll_l                  0043d5d0 f   LIBCMTD:wtox.obj
 0001:0003c5f0       _wcschr                    0043d5f0 f   LIBCMTD:wcschr.obj
 0001:0003c770       __wcsicmp                  0043d770 f   LIBCMTD:wcsicmp.obj
 0001:0003c940       __wcsicmp_l                0043d940 f   LIBCMTD:wcsicmp.obj
 0001:0003cbb0       __wcsnicmp                 0043dbb0 f   LIBCMTD:wcsnicmp.obj
 0001:0003cda0       __wcsnicmp_l               0043dda0 f   LIBCMTD:wcsnicmp.obj
 0001:0003d000       ?_Name_base@type_info@@CAPBDPBV1@PAU__type_info_node@@@Z 0043e000 f   LIBCMTD:typname.obj
 0001:0003d1b0       ?_Name_base_internal@type_info@@CAPBDPBV1@PAU__type_info_node@@@Z 0043e1b0 f   LIBCMTD:typname.obj
 0001:0003d370       ?_Type_info_dtor@type_info@@CAXPAV1@@Z 0043e370 f   LIBCMTD:typname.obj
 0001:0003d480       ?_Type_info_dtor_internal@type_info@@CAXPAV1@@Z 0043e480 f   LIBCMTD:typname.obj
 0001:0003d590       ___clean_type_info_names_internal 0043e590 f   LIBCMTD:typname.obj
 0001:0003d640       ___unDNameHelper           0043e640 f   LIBCMTD:typname.obj
 0001:0003dbd0       __wcstof_l                 0043ebd0 f   LIBCMTD:wcstoq.obj
 0001:0003dce0       __wcstoi64                 0043ece0 f   LIBCMTD:wcstoq.obj
 0001:0003dd30       __wcstoi64_l               0043ed30 f   LIBCMTD:wcstoq.obj
 0001:0003dd50       __wcstoimax_l              0043ed50 f   LIBCMTD:wcstoq.obj
 0001:0003dd70       __wcstold_l                0043ed70 f   LIBCMTD:wcstoq.obj
 0001:0003dd90       __wcstoll_l                0043ed90 f   LIBCMTD:wcstoq.obj
 0001:0003ddb0       __wcstoui64                0043edb0 f   LIBCMTD:wcstoq.obj
 0001:0003de00       __wcstoui64_l              0043ee00 f   LIBCMTD:wcstoq.obj
 0001:0003de20       __wcstoull_l               0043ee20 f   LIBCMTD:wcstoq.obj
 0001:0003de40       __wcstoumax_l              0043ee40 f   LIBCMTD:wcstoq.obj
 0001:0003de60       _wcstof                    0043ee60 f   LIBCMTD:wcstoq.obj
 0001:0003de80       _wcstoimax                 0043ee80 f   LIBCMTD:wcstoq.obj
 0001:0003dea0       _wcstold                   0043eea0 f   LIBCMTD:wcstoq.obj
 0001:0003dec0       _wcstoll                   0043eec0 f   LIBCMTD:wcstoq.obj
 0001:0003dee0       _wcstoull                  0043eee0 f   LIBCMTD:wcstoq.obj
 0001:0003df00       _wcstoumax                 0043ef00 f   LIBCMTD:wcstoq.obj
 0001:0003df20       __towlower_l               0043ef20 f   LIBCMTD:towlower.obj
 0001:0003e070       _towlower                  0043f070 f   LIBCMTD:towlower.obj
 0001:0003e090       ??0Block@_HeapManager@@QAE@XZ 0043f090 f i LIBCMTD:undname.obj
 0001:0003e0b0       ??0DName@@QAE@AAPBDD@Z     0043f0b0 f   LIBCMTD:undname.obj
 0001:0003e370       ??0DName@@QAE@ABV0@@Z      0043f370 f i LIBCMTD:undname.obj
 0001:0003e390       ??0DName@@QAE@D@Z          0043f390 f   LIBCMTD:undname.obj
 0001:0003e470       ??0DName@@QAE@PAV0@@Z      0043f470 f   LIBCMTD:undname.obj
 0001:0003e5b0       ??0DName@@QAE@PBD@Z        0043f5b0 f   LIBCMTD:undname.obj
 0001:0003e6a0       ??0DName@@QAE@W4DNameStatus@@@Z 0043f6a0 f   LIBCMTD:undname.obj
 0001:0003e7c0       ??0DName@@QAE@XZ           0043f7c0 f i LIBCMTD:undname.obj
 0001:0003e880       ??0DName@@QAE@_J@Z         0043f880 f   LIBCMTD:undname.obj
 0001:0003ea00       ??0DName@@QAE@_K@Z         0043fa00 f   LIBCMTD:undname.obj
 0001:0003eb40       ??0DNameNode@@IAE@XZ       0043fb40 f   LIBCMTD:undname.obj
 0001:0003eb60       ??0DNameStatusNode@@AAE@W4DNameStatus@@@Z 0043fb60 f   LIBCMTD:undname.obj
 0001:0003ebb0       ??0Replicator@@QAE@XZ      0043fbb0 f i LIBCMTD:undname.obj
 0001:0003ebd0       ??0UnDecorator@@QAE@PADPBDHP6APADJ@ZK@Z 0043fbd0 f i LIBCMTD:undname.obj
 0001:0003ec70       ??0charNode@@QAE@D@Z       0043fc70 f   LIBCMTD:undname.obj
 0001:0003eca0       ??0pDNameNode@@QAE@PAVDName@@@Z 0043fca0 f   LIBCMTD:undname.obj
 0001:0003ed00       ??0pairNode@@QAE@PAVDNameNode@@0@Z 0043fd00 f   LIBCMTD:undname.obj
 0001:0003ed40       ??0pcharNode@@QAE@PBDH@Z   0043fd40 f   LIBCMTD:undname.obj
 0001:0003ede0       ??2@YAPAXIAAV_HeapManager@@H@Z 0043fde0 f i LIBCMTD:undname.obj
 0001:0003ee00       ??4DName@@QAEAAV0@ABV0@@Z  0043fe00 f   LIBCMTD:undname.obj
 0001:0003ee20       ??4DName@@QAEAAV0@D@Z      0043fe20 f i LIBCMTD:undname.obj
 0001:0003ef00       ??4DName@@QAEAAV0@PAV0@@Z  0043ff00 f   LIBCMTD:undname.obj
 0001:0003f030       ??4DName@@QAEAAV0@PBD@Z    00440030 f   LIBCMTD:undname.obj
 0001:0003f110       ??4DName@@QAEAAV0@W4DNameStatus@@@Z 00440110 f   LIBCMTD:undname.obj
 0001:0003f210       ??AReplicator@@QBE?AVDName@@H@Z 00440210 f   LIBCMTD:undname.obj
 0001:0003f280       ??BUnDecorator@@QAEPADXZ   00440280 f i LIBCMTD:undname.obj
 0001:0003f530       ??H@YA?AVDName@@DABV0@@Z   00440530 f i LIBCMTD:undname.obj
 0001:0003f560       ??H@YA?AVDName@@PBDABV0@@Z 00440560 f i LIBCMTD:undname.obj
 0001:0003f590       ??H@YA?AVDName@@W4DNameStatus@@ABV0@@Z 00440590 f i LIBCMTD:undname.obj
 0001:0003f5c0       ??HDName@@QBE?AV0@ABV0@@Z  004405c0 f   LIBCMTD:undname.obj
 0001:0003f600       ??HDName@@QBE?AV0@D@Z      00440600 f   LIBCMTD:undname.obj
 0001:0003f640       ??HDName@@QBE?AV0@PAV0@@Z  00440640 f   LIBCMTD:undname.obj
 0001:0003f680       ??HDName@@QBE?AV0@PBD@Z    00440680 f   LIBCMTD:undname.obj
 0001:0003f6c0       ??HDName@@QBE?AV0@W4DNameStatus@@@Z 004406c0 f   LIBCMTD:undname.obj
 0001:0003f700       ??YDName@@QAEAAV0@ABV0@@Z  00440700 f   LIBCMTD:undname.obj
 0001:0003f770       ??YDName@@QAEAAV0@D@Z      00440770 f   LIBCMTD:undname.obj
 0001:0003f7f0       ??YDName@@QAEAAV0@PAV0@@Z  004407f0 f   LIBCMTD:undname.obj
 0001:0003f8a0       ??YDName@@QAEAAV0@PBD@Z    004408a0 f   LIBCMTD:undname.obj
 0001:0003f940       ??YDName@@QAEAAV0@W4DNameStatus@@@Z 00440940 f   LIBCMTD:undname.obj
 0001:0003f9a0       ??YReplicator@@QAEAAV0@ABVDName@@@Z 004409a0 f   LIBCMTD:undname.obj
 0001:0003fa30       ??_5DName@@QAEAAV0@ABV0@@Z 00440a30 f   LIBCMTD:undname.obj
 0001:0003fa90       ?Constructor@_HeapManager@@QAEXP6APAXI@ZP6AXPAX@Z@Z 00440a90 f i LIBCMTD:undname.obj
 0001:0003fad0       ?Destructor@_HeapManager@@QAEXXZ 00440ad0 f i LIBCMTD:undname.obj
 0001:0003fb20       ?UScore@UnDecorator@@SAPBDW4Tokens@@@Z 00440b20 f   LIBCMTD:undname.obj
 0001:0003fb50       ?append@DName@@AAEXPAVDNameNode@@@Z 00440b50 f   LIBCMTD:undname.obj
 0001:0003fbe0       ?composeDeclaration@UnDecorator@@CA?AVDName@@ABV2@@Z 00440be0 f i LIBCMTD:undname.obj
 0001:00041860       ?dbGetString@DName@@QBEPADXZ 00442860 f   LIBCMTD:undname.obj
 0001:00041880       ?doAccessSpecifiers@UnDecorator@@SAHXZ 00442880 f i LIBCMTD:undname.obj
 0001:000418b0       ?doAllocationLanguage@UnDecorator@@SAHXZ 004428b0 f i LIBCMTD:undname.obj
 0001:000418e0       ?doAllocationModel@UnDecorator@@SAHXZ 004428e0 f i LIBCMTD:undname.obj
 0001:00041910       ?doEcsu@UnDecorator@@SAHXZ 00442910 f i LIBCMTD:undname.obj
 0001:00041940       ?doEllipsis@UnDecorator@@SAHXZ 00442940 f i LIBCMTD:undname.obj
 0001:00041970       ?doFunctionReturns@UnDecorator@@SAHXZ 00442970 f i LIBCMTD:undname.obj
 0001:000419a0       ?doMSKeywords@UnDecorator@@SAHXZ 004429a0 f i LIBCMTD:undname.obj
 0001:000419d0       ?doMemberTypes@UnDecorator@@SAHXZ 004429d0 f i LIBCMTD:undname.obj
 0001:00041a00       ?doNameOnly@UnDecorator@@SAHXZ 00442a00 f i LIBCMTD:undname.obj
 0001:00041a10       ?doNoIdentCharCheck@UnDecorator@@SAHXZ 00442a10 f i LIBCMTD:undname.obj
 0001:00041a20       ?doPchar@DName@@AAEXPBDH@Z 00442a20 f   LIBCMTD:undname.obj
 0001:00041b60       ?doPtr64@UnDecorator@@SAHXZ 00442b60 f i LIBCMTD:undname.obj
 0001:00041b90       ?doRestrictionSpec@UnDecorator@@SAHXZ 00442b90 f i LIBCMTD:undname.obj
 0001:00041bc0       ?doThisTypes@UnDecorator@@SAHXZ 00442bc0 f i LIBCMTD:undname.obj
 0001:00041bf0       ?doThrowTypes@UnDecorator@@SAHXZ 00442bf0 f i LIBCMTD:undname.obj
 0001:00041c20       ?doTypeOnly@UnDecorator@@SAHXZ 00442c20 f i LIBCMTD:undname.obj
 0001:00041c30       ?doUnderScore@UnDecorator@@SAHXZ 00442c30 f i LIBCMTD:undname.obj
 0001:00041c60       ?getArgumentList@UnDecorator@@CA?AVDName@@XZ 00442c60 f   LIBCMTD:undname.obj
 0001:00041db0       ?getArgumentTypes@UnDecorator@@CA?AVDName@@XZ 00442db0 f   LIBCMTD:undname.obj
 0001:00041f10       ?getArrayType@UnDecorator@@CA?AVDName@@ABV2@@Z 00442f10 f i LIBCMTD:undname.obj
 0001:00042150       ?getBasedType@UnDecorator@@CA?AVDName@@XZ 00443150 f   LIBCMTD:undname.obj
 0001:00042210       ?getBasicDataType@UnDecorator@@CA?AVDName@@ABV2@@Z 00443210 f   LIBCMTD:undname.obj
 0001:000427d0       ?getCallIndex@UnDecorator@@CA?AVDName@@XZ 004437d0 f i LIBCMTD:undname.obj
 0001:000427f0       ?getCallingConvention@UnDecorator@@CA?AVDName@@XZ 004437f0 f   LIBCMTD:undname.obj
 0001:00042980       ?getDataIndirectType@UnDecorator@@CA?AVDName@@ABV2@PBD0H@Z 00443980 f   LIBCMTD:undname.obj
 0001:000430a0       ?getDataIndirectType@UnDecorator@@CA?AVDName@@XZ 004440a0 f i LIBCMTD:undname.obj
 0001:000430e0       ?getDataType@UnDecorator@@CA?AVDName@@PAV2@@Z 004440e0 f   LIBCMTD:undname.obj
 0001:00043200       ?getDecoratedName@UnDecorator@@CA?AVDName@@XZ 00444200 f   LIBCMTD:undname.obj
 0001:00043520       ?getDimension@UnDecorator@@CA?AVDName@@_N@Z 00444520 f   LIBCMTD:undname.obj
 0001:000437d0       ?getDispatchTarget@UnDecorator@@CA?AVDName@@XZ 004447d0 f   LIBCMTD:undname.obj
 0001:00043870       ?getDisplacement@UnDecorator@@CA?AVDName@@XZ 00444870 f i LIBCMTD:undname.obj
 0001:00043890       ?getECSUDataType@UnDecorator@@CA?AVDName@@XZ 00444890 f   LIBCMTD:undname.obj
 0001:00043a60       ?getECSUName@UnDecorator@@CA?AVDName@@XZ 00444a60 f i LIBCMTD:undname.obj
 0001:00043a80       ?getEnumType@UnDecorator@@CA?AVDName@@XZ 00444a80 f i LIBCMTD:undname.obj
 0001:00043bd0       ?getExtendedDataIndirectType@UnDecorator@@CA?AVDName@@AAPBDAA_NH@Z 00444bd0 f   LIBCMTD:undname.obj
 0001:00043e20       ?getExternalDataType@UnDecorator@@CA?AVDName@@ABV2@@Z 00444e20 f i LIBCMTD:undname.obj
 0001:00043eb0       ?getFunctionIndirectType@UnDecorator@@CA?AVDName@@ABV2@@Z 00444eb0 f   LIBCMTD:undname.obj
 0001:00044320       ?getGuardNumber@UnDecorator@@CA?AVDName@@XZ 00445320 f i LIBCMTD:undname.obj
 0001:00044340       ?getLastChar@DName@@QBEDXZ 00445340 f i LIBCMTD:undname.obj
 0001:00044370       ?getLastChar@DNameStatusNode@@UBEDXZ 00445370 f i LIBCMTD:undname.obj
 0001:000443a0       ?getLastChar@charNode@@UBEDXZ 004453a0 f i LIBCMTD:undname.obj
 0001:000443c0       ?getLastChar@pDNameNode@@UBEDXZ 004453c0 f i LIBCMTD:undname.obj
 0001:000443f0       ?getLastChar@pairNode@@UBEDXZ 004453f0 f i LIBCMTD:undname.obj
 0001:00044440       ?getLastChar@pcharNode@@UBEDXZ 00445440 f i LIBCMTD:undname.obj
 0001:00044480       ?getLexicalFrame@UnDecorator@@CA?AVDName@@XZ 00445480 f i LIBCMTD:undname.obj
 0001:000444c0       ?getMemory@_HeapManager@@QAEPAXIH@Z 004454c0 f   LIBCMTD:undname.obj
 0001:000445d0       ?getNumberOfDimensions@UnDecorator@@CAHXZ 004455d0 f   LIBCMTD:undname.obj
 0001:000446d0       ?getOperatorName@UnDecorator@@CA?AVDName@@_NPA_N@Z 004456d0 f i LIBCMTD:undname.obj
 0001:00045060       ?getPointerType@UnDecorator@@CA?AVDName@@ABV2@0@Z 00446060 f i LIBCMTD:undname.obj
 0001:00045090       ?getPointerTypeArray@UnDecorator@@CA?AVDName@@ABV2@0@Z 00446090 f i LIBCMTD:undname.obj
 0001:000450c0       ?getPrimaryDataType@UnDecorator@@CA?AVDName@@ABV2@@Z 004460c0 f   LIBCMTD:undname.obj
 0001:00045460       ?getPtrRefDataType@UnDecorator@@CA?AVDName@@ABV2@H@Z 00446460 f i LIBCMTD:undname.obj
 0001:000455a0       ?getPtrRefType@UnDecorator@@CA?AVDName@@ABV2@0PBD@Z 004465a0 f   LIBCMTD:undname.obj
 0001:00045710       ?getReferenceType@UnDecorator@@CA?AVDName@@ABV2@0PBD@Z 00446710 f i LIBCMTD:undname.obj
 0001:00045730       ?getRestrictionSpec@UnDecorator@@CA?AVDName@@XZ 00446730 f   LIBCMTD:undname.obj
 0001:00045880       ?getReturnType@UnDecorator@@CA?AVDName@@PAV2@@Z 00446880 f   LIBCMTD:undname.obj
 0001:000458d0       ?getScope@UnDecorator@@CA?AVDName@@XZ 004468d0 f   LIBCMTD:undname.obj
 0001:00045dc0       ?getScopedName@UnDecorator@@CA?AVDName@@XZ 00446dc0 f   LIBCMTD:undname.obj
 0001:00045ee0       ?getSignedDimension@UnDecorator@@CA?AVDName@@XZ 00446ee0 f   LIBCMTD:undname.obj
 0001:00045f60       ?getStorageConvention@UnDecorator@@CA?AVDName@@XZ 00446f60 f i LIBCMTD:undname.obj
 0001:00045f80       ?getString@DName@@QBEPADPAD0@Z 00446f80 f i LIBCMTD:undname.obj
 0001:00045fc0       ?getString@DName@@QBEPADPADH@Z 00446fc0 f i LIBCMTD:undname.obj
 0001:00046050       ?getString@DNameStatusNode@@UBEPADPAD0@Z 00447050 f i LIBCMTD:undname.obj
 0001:00046090       ?getString@charNode@@UBEPADPAD0@Z 00447090 f i LIBCMTD:undname.obj
 0001:000460c0       ?getString@pDNameNode@@UBEPADPAD0@Z 004470c0 f i LIBCMTD:undname.obj
 0001:00046100       ?getString@pairNode@@UBEPADPAD0@Z 00447100 f i LIBCMTD:undname.obj
 0001:00046160       ?getString@pcharNode@@UBEPADPAD0@Z 00447160 f i LIBCMTD:undname.obj
 0001:00046190       ?getStringEncoding@UnDecorator@@CA?AVDName@@PADH@Z 00447190 f   LIBCMTD:undname.obj
 0001:000462a0       ?getStringHelper@@YAPADPAD00H@Z 004472a0 f i LIBCMTD:undname.obj
 0001:000462e0       ?getSymbolName@UnDecorator@@CA?AVDName@@XZ 004472e0 f i LIBCMTD:undname.obj
 0001:00046370       ?getTemplateArgumentList@UnDecorator@@CA?AVDName@@XZ 00447370 f   LIBCMTD:undname.obj
 0001:00046690       ?getTemplateConstant@UnDecorator@@CA?AVDName@@XZ 00447690 f   LIBCMTD:undname.obj
 0001:00046b80       ?getTemplateName@UnDecorator@@CA?AVDName@@_N@Z 00447b80 f   LIBCMTD:undname.obj
 0001:00046d50       ?getThisType@UnDecorator@@CA?AVDName@@XZ 00447d50 f i LIBCMTD:undname.obj
 0001:00046d90       ?getThrowTypes@UnDecorator@@CA?AVDName@@XZ 00447d90 f   LIBCMTD:undname.obj
 0001:00046e40       ?getTypeEncoding@UnDecorator@@CAHXZ 00447e40 f i LIBCMTD:undname.obj
 0001:00047880       ?getVCallThunkType@UnDecorator@@CA?AVDName@@XZ 00448880 f i LIBCMTD:undname.obj
[...]
 0002:00012dd4       ??_R1A@?0A@EA@DNameNode@@8 00472dd4     LIBCMTD:undname.obj
 0002:00012df0       ??_R4charNode@@6B@         00472df0     LIBCMTD:undname.obj
 0002:00012e04       ??_R3charNode@@8           00472e04     LIBCMTD:undname.obj
 0002:00012e14       ??_R2charNode@@8           00472e14     LIBCMTD:undname.obj
 0002:00012e20       ??_R1A@?0A@EA@charNode@@8  00472e20     LIBCMTD:undname.obj
 0002:00012e3c       ??_R4pcharNode@@6B@        00472e3c     LIBCMTD:undname.obj
 0002:00012e50       ??_R3pcharNode@@8          00472e50     LIBCMTD:undname.obj
 0002:00012e60       ??_R2pcharNode@@8          00472e60     LIBCMTD:undname.obj
 0002:00012e6c       ??_R1A@?0A@EA@pcharNode@@8 00472e6c     LIBCMTD:undname.obj
 0002:00012e88       ??_R4pDNameNode@@6B@       00472e88     LIBCMTD:undname.obj
 0002:00012e9c       ??_R3pDNameNode@@8         00472e9c     LIBCMTD:undname.obj
 0002:00012eac       ??_R2pDNameNode@@8         00472eac     LIBCMTD:undname.obj
 0002:00012eb8       ??_R1A@?0A@EA@pDNameNode@@8 00472eb8     LIBCMTD:undname.obj
 0002:00012ed4       ??_R4DNameStatusNode@@6B@  00472ed4     LIBCMTD:undname.obj
 0002:00012ee8       ??_R3DNameStatusNode@@8    00472ee8     LIBCMTD:undname.obj
 0002:00012ef8       ??_R2DNameStatusNode@@8    00472ef8     LIBCMTD:undname.obj
 0002:00012f04       ??_R1A@?0A@EA@DNameStatusNode@@8 00472f04     LIBCMTD:undname.obj
 0002:00012f20       ??_R4pairNode@@6B@         00472f20     LIBCMTD:undname.obj
 0002:00012f34       ??_R3pairNode@@8           00472f34     LIBCMTD:undname.obj
 0002:00012f44       ??_R2pairNode@@8           00472f44     LIBCMTD:undname.obj
 0002:00012f50       ??_R1A@?0A@EA@pairNode@@8  00472f50     LIBCMTD:undname.obj
 0002:00013120       ___safe_se_handler_table   00473120     <linker-defined>
 0002:0001325c       ___rtc_iaa                 0047325c     LIBCMTD:initsect.obj
 0002:00013360       ___rtc_izz                 00473360     LIBCMTD:initsect.obj
 0002:00013464       ___rtc_taa                 00473464     LIBCMTD:initsect.obj
 0002:00013568       ___rtc_tzz                 00473568     LIBCMTD:initsect.obj
 0002:00013f24       __TI2?AVbad_exception@std@@ 00473f24     LIBCMTD:frame.obj
 0002:00013f34       __CTA2?AVbad_exception@std@@ 00473f34     LIBCMTD:frame.obj
 0002:00013f40       __CT??_R0?AVbad_exception@std@@@8??0bad_exception@std@@QAE@ABV01@@Z12 00473f40     LIBCMTD:frame.obj
 0002:00013f5c       __CT??_R0?AVexception@std@@@8??0exception@std@@QAE@ABV01@@Z12 00473f5c     LIBCMTD:frame.obj
 0003:0000003c       _members_of_Position       0047503c     generated.obj
 0003:0000006c       _members_of_FooOne         0047506c     generated.obj
 0003:000000a8       _members_of_Test           004750a8     generated.obj
 0003:000001f8       _function_data_foo         004751f8     generated.obj
 0003:000005d0       __fltused                  004755d0     LIBCMTD:fpinit.obj
 0003:000005d4       __ldused                   004755d4     LIBCMTD:fpinit.obj
 0003:00000638       __iob                      00475638     LIBCMTD:_file.obj
 0003:000008bc       ___nullstring              004758bc     LIBCMTD:output.obj
 0003:000008c0       ___wnullstring             004758c0     LIBCMTD:output.obj
 0003:00000a38       ___security_cookie         00475a38     LIBCMTD:gs_cookie.obj
 0003:00000a3c       ___security_cookie_complement 00475a3c     LIBCMTD:gs_cookie.obj
 0003:00000a40       __crtBreakAlloc            00475a40     LIBCMTD:dbgheap.obj
 0003:00000a44       ___crtDebugFillThreshold   00475a44     LIBCMTD:dbgheap.obj
 0003:00000a48       __crtDbgFlag               00475a48     LIBCMTD:dbgheap.obj
 0003:00000a54       ___isa_enabled             00475a54     LIBCMTD:cpu_disp.obj
 0003:00000a58       __cfltcvt_tab              00475a58     LIBCMTD:cmiscdat.obj
 0003:00000a80       ___abort_behavior          00475a80     LIBCMTD:abort.obj
 0003:00000a84       ___flsindex                00475a84     LIBCMTD:tidtable.obj
 0003:00000a88       ___badioinfo               00475a88     LIBCMTD:ioinit.obj
 0003:00000acc       __pfnAllocHook             00475acc     LIBCMTD:dbghook.obj
 0003:00000bf0       __CrtDbgMode               00475bf0     LIBCMTD:dbgrptt.obj
 0003:00000bfc       __CrtDbgFile               00475bfc     LIBCMTD:dbgrptt.obj
 0003:00000c08       __crtAssertBusy            00475c08     LIBCMTD:dbgrptt.obj
 0003:00000c10       __mbctype                  00475c10     LIBCMTD:mbctype.obj
 0003:00000d18       __mbcasemap                00475d18     LIBCMTD:mbctype.obj
 0003:00000e18       ___initialmbcinfo          00475e18     LIBCMTD:mbctype.obj
 0003:0000103c       ___ptmbcinfo               0047603c     LIBCMTD:mbctype.obj
 0003:00001130       ___mb_cur_max              00476130     LIBCMTD:nlsdata.obj
 0003:00001134       ___wclocalestr             00476134     LIBCMTD:nlsdata.obj
 0003:00001138       ___lc_time_c               00476138     LIBCMTD:nlsdata.obj
 0003:0000129c       ___ptlocinfo               0047629c     LIBCMTD:nlsdata.obj
 0003:000012a0       ___initiallocinfo          004762a0     LIBCMTD:nlsdata.obj
 0003:00001358       ___initiallocalestructinfo 00476358     LIBCMTD:nlsdata.obj
 0003:00001360       ___globallocalestatus      00476360     LIBCMTD:glstatus.obj
 0003:00001380       ___lconv                   00476380     LIBCMTD:lconv.obj
 0003:00001384       ___lconv_static_decimal    00476384     LIBCMTD:lconv.obj
 0003:00001388       ___lconv_c                 00476388     LIBCMTD:lconv.obj
 0003:000013d8       ___lconv_static_W_decimal  004763d8     LIBCMTD:lconv.obj
 0003:000013dc       __pctype                   004763dc     LIBCMTD:ctype.obj
 0003:000013e0       __pwctype                  004763e0     LIBCMTD:ctype.obj
 0003:000013f0       __NLG_Destination          004763f0     LIBCMTD:exsup.obj
 0003:00001440       __pow10pos                 00476440     LIBCMTD:constpow.obj
 0003:000015a0       __pow10neg                 004765a0     LIBCMTD:constpow.obj
 0003:00001718       __confh                    00476718     LIBCMTD:initcon.obj
 0003:00001720       __HUGE                     00476720     LIBCMTD:huge.obj
 0003:00001ba4       ??_R0?AVbad_exception@std@@@8 00476ba4     LIBCMTD:frame.obj
 0003:00001bc4       ??_R0?AVexception@std@@@8  00476bc4     LIBCMTD:frame.obj
 0003:00001be0       ??_R0?AVtype_info@@@8      00476be0     LIBCMTD:typinfo.obj
 0003:00001bf8       ??_R0?AVbad_cast@std@@@8   00476bf8     LIBCMTD:stdexcpt.obj
 0003:00001c14       ??_R0?AVbad_typeid@std@@@8 00476c14     LIBCMTD:stdexcpt.obj
 0003:00001c34       ??_R0?AV__non_rtti_object@std@@@8 00476c34     LIBCMTD:stdexcpt.obj
 0003:00001c58       ??_R0?AVDNameNode@@@8      00476c58     LIBCMTD:undname.obj
 0003:00001c70       ??_R0?AVcharNode@@@8       00476c70     LIBCMTD:undname.obj
 0003:00001c88       ??_R0?AVpcharNode@@@8      00476c88     LIBCMTD:undname.obj
 0003:00001ca0       ??_R0?AVpDNameNode@@@8     00476ca0     LIBCMTD:undname.obj
 0003:00001cbc       ??_R0?AVDNameStatusNode@@@8 00476cbc     LIBCMTD:undname.obj
 0003:00001cdc       ??_R0?AVpairNode@@@8       00476cdc     LIBCMTD:undname.obj
 0003:00001e44       ___fastflag                00476e44     LIBCMTD:fpinit.obj
 0003:00001e48       __aenvptr                  00476e48     LIBCMTD:crt0.obj
 0003:00001e4c       __wenvptr                  00476e4c     LIBCMTD:crt0.obj
 0003:00001e50       ___pInvalidArgHandler      00476e50     LIBCMTD:invarg.obj
 0003:00001e54       __cflush                   00476e54     LIBCMTD:_file.obj
 0003:00001e58       __stdbuf                   00476e58     LIBCMTD:_sftbuf.obj
 0003:00001e60       ___crtDebugCheckCount      00476e60     LIBCMTD:dbgheap.obj
 0003:00001e68       ?_pfnDumpClient@@3P6AXPAXI@ZA 00476e68     LIBCMTD:dbgheap.obj
 0003:00001e84       __newmode                  00476e84     LIBCMTD:_newmode.obj
 0003:00001e88       ___isa_available           00476e88     LIBCMTD:cpu_disp.obj
 0003:00001e8c       ___favor                   00476e8c     LIBCMTD:cpu_disp.obj
 0003:000021b0       __umaskval                 004771b0     LIBCMTD:crt0dat.obj
 0003:000021b4       __exitflag                 004771b4     LIBCMTD:crt0dat.obj
 0003:000021b8       __C_Termination_Done       004771b8     LIBCMTD:crt0dat.obj
 0003:000021bc       ___winitenv                004771bc     LIBCMTD:crt0dat.obj
 0003:000021c0       ___initenv                 004771c0     LIBCMTD:crt0dat.obj
 0003:000021c4       ___argc                    004771c4     LIBCMTD:crt0dat.obj
 0003:000021c8       ___argv                    004771c8     LIBCMTD:crt0dat.obj
 0003:000021cc       ___wargv                   004771cc     LIBCMTD:crt0dat.obj
 0003:000021d0       __environ                  004771d0     LIBCMTD:crt0dat.obj
 0003:000021d4       __wenviron                 004771d4     LIBCMTD:crt0dat.obj
 0003:000021d8       __pgmptr                   004771d8     LIBCMTD:crt0dat.obj
 0003:000021dc       __wpgmptr                  004771dc     LIBCMTD:crt0dat.obj
 0003:000021e0       __C_Exit_Done              004771e0     LIBCMTD:crt0dat.obj
 0003:000021e4       ___error_mode              004771e4     LIBCMTD:errmode.obj
 0003:00002210       ___app_type                00477210     LIBCMTD:crt0msg.obj
 0003:00002840       __crtheap                  00477840     LIBCMTD:heapinit.obj
 0003:00002848       ___pioinfo                 00477848     LIBCMTD:ioinit.obj
 0003:00002bb8       ___mbcodepage              00477bb8     LIBCMTD:mbctype.obj
 0003:00002bbc       ___ismbcodepage            00477bbc     LIBCMTD:mbctype.obj
 0003:00002bc0       ___mbulinfo                00477bc0     LIBCMTD:mbctype.obj
 0003:00002bcc       ___mblocalename            00477bcc     LIBCMTD:mbctype.obj
 0003:00002bd4       ?_pnhHeap@@3P6AHI@ZA       00477bd4     LIBCMTD:handler.obj
 0003:00002bd8       __outputformat             00477bd8     LIBCMTD:outputformat.obj
 0003:00002bdc       ?__pInconsistency@@3P6AXXZA 00477bdc     LIBCMTD:hooks.obj
 0003:00002be0       ___pPurecall               00477be0     LIBCMTD:inithelp.obj
 0003:00002be8       ___lconv_static_null       00477be8     LIBCMTD:lconv.obj
 0003:00002bec       ___lconv_static_W_null     00477bec     LIBCMTD:lconv.obj
 0003:00002bf0       ___locale_changed          00477bf0     LIBCMTD:wsetloca.obj
 0003:00002bf8       ?g_OutOfMemoryExceptionCallback@@3P6GPAXXZA 00477bf8     LIBCMTD:frame.obj
 0003:00002c04       ?pArgList@UnDecorator@@0PAVReplicator@@A 00477c04     LIBCMTD:undname.obj
 0003:00002c08       ?pZNameList@UnDecorator@@0PAVReplicator@@A 00477c08     LIBCMTD:undname.obj
 0003:00002c0c       ?pTemplateArgList@UnDecorator@@0PAVReplicator@@A 00477c0c     LIBCMTD:undname.obj
 0003:00002c10       ?gName@UnDecorator@@0PBDB  00477c10     LIBCMTD:undname.obj
 0003:00002c14       ?name@UnDecorator@@0PBDB   00477c14     LIBCMTD:undname.obj
 0003:00002c18       ?outputString@UnDecorator@@0PADA 00477c18     LIBCMTD:undname.obj
 0003:00002c1c       ?maxStringLength@UnDecorator@@0HA 00477c1c     LIBCMTD:undname.obj
 0003:00002c20       ?disableFlags@UnDecorator@@0KA 00477c20     LIBCMTD:undname.obj
 0003:00002c24       ?fExplicitTemplateParams@UnDecorator@@0_NA 00477c24     LIBCMTD:undname.obj
 0003:00002c25       ?fGetTemplateArgumentList@UnDecorator@@0_NA 00477c25     LIBCMTD:undname.obj
 0003:00002c28       ?m_pGetParameter@UnDecorator@@0P6APADJ@ZA 00477c28     LIBCMTD:undname.obj
 0003:00002c90       ?nodes@?1??make@DNameStatusNode@@SAPAV2@W4DNameStatus@@@Z@4PAV2@A 00477c90     LIBCMTD:undname.obj
 0003:00002cc0       ??_B?1??make@DNameStatusNode@@SAPAV1@W4DNameStatus@@@Z@51 00477cc0     LIBCMTD:undname.obj
 0003:00002cc4       ___unguarded_readlc_active 00477cc4     <common>
 0003:00002cd4       ___setlc_active            00477cd4     <common>
 0003:00002cd8       __pReportHookListW         00477cd8     <common>
 0003:00002ce8       __pReportHookList          00477ce8     <common>
 0003:00002cec       __pfnReportHook            00477cec     <common>
 0003:00002cf0       __debugger_hook_dummy      00477cf0     <common>
 0003:00002d00       _encodedKERNEL32Functions  00477d00     <common>
 0003:00002da8       __nhandle                  00477da8     <common>
 0003:00002db4       ___dyn_tls_init_callback   00477db4     <common>
 0003:00002dc4       ___onexitend               00477dc4     <common>
 0003:00002dc8       ___onexitbegin             00477dc8     <common>
 0003:00002dcc       ___mbctype_initialized     00477dcc     <common>
 0003:00002dd0       ___env_initialized         00477dd0     <common>
 0003:00002de0       __bufin                    00477de0     <common>
 0003:0000411c       ___piob                    0047911c     <common>
 0003:00004120       __nstream                  00479120     <common>
 0003:00004124       __acmdln                   00479124     <common>
 0004:00000000       __imp__GetStdHandle@4      0047a000     kernel32:KERNEL32.dll
 0004:00000004       __imp__GetFileType@4       0047a004     kernel32:KERNEL32.dll
 0004:00000008       __imp__GetModuleFileNameW@12 0047a008     kernel32:KERNEL32.dll
 0004:0000000c       __imp__GetModuleHandleExW@12 0047a00c     kernel32:KERNEL32.dll
 0004:00000010       __imp__WriteConsoleW@20    0047a010     kernel32:KERNEL32.dll
 0004:00000014       __imp__GetCommandLineA@0   0047a014     kernel32:KERNEL32.dll
 0004:00000018       __imp__IsDebuggerPresent@0 0047a018     kernel32:KERNEL32.dll
 0004:0000001c       __imp__EncodePointer@4     0047a01c     kernel32:KERNEL32.dll
 0004:00000020       __imp__DecodePointer@4     0047a020     kernel32:KERNEL32.dll
 0004:00000024       __imp__IsProcessorFeaturePresent@4 0047a024     kernel32:KERNEL32.dll
 0004:00000028       __imp__EnterCriticalSection@4 0047a028     kernel32:KERNEL32.dll
 0004:0000002c       __imp__LeaveCriticalSection@4 0047a02c     kernel32:KERNEL32.dll
 0004:00000030       __imp__HeapValidate@12     0047a030     kernel32:KERNEL32.dll
 0004:00000034       __imp__GetSystemInfo@4     0047a034     kernel32:KERNEL32.dll
 0004:00000038       __imp__GetLastError@0      0047a038     kernel32:KERNEL32.dll
 0004:0000003c       __imp__ExitProcess@4       0047a03c     kernel32:KERNEL32.dll
 0004:00000040       __imp__GetProcAddress@8    0047a040     kernel32:KERNEL32.dll
 0004:00000044       __imp__AreFileApisANSI@0   0047a044     kernel32:KERNEL32.dll
 0004:00000048       __imp__MultiByteToWideChar@24 0047a048     kernel32:KERNEL32.dll
 0004:0000004c       __imp__WideCharToMultiByte@32 0047a04c     kernel32:KERNEL32.dll
 0004:00000050       __imp__SetConsoleCtrlHandler@8 0047a050     kernel32:KERNEL32.dll
 0004:00000054       __imp__OutputDebugStringW@4 0047a054     kernel32:KERNEL32.dll
 0004:00000058       __imp__WaitForSingleObjectEx@12 0047a058     kernel32:KERNEL32.dll
 0004:0000005c       __imp__CreateThread@24     0047a05c     kernel32:KERNEL32.dll
 0004:00000060       __imp__LoadLibraryExW@12   0047a060     kernel32:KERNEL32.dll
 0004:00000064       __imp__WriteFile@20        0047a064     kernel32:KERNEL32.dll
 0004:00000068       __imp__SetLastError@4      0047a068     kernel32:KERNEL32.dll
 0004:0000006c       __imp__GetCurrentThread@0  0047a06c     kernel32:KERNEL32.dll
 0004:00000070       __imp__GetCurrentThreadId@0 0047a070     kernel32:KERNEL32.dll
 0004:00000074       __imp__GetProcessHeap@0    0047a074     kernel32:KERNEL32.dll
 0004:00000078       __imp__DeleteCriticalSection@4 0047a078     kernel32:KERNEL32.dll
 0004:0000007c       __imp__GetStartupInfoW@4   0047a07c     kernel32:KERNEL32.dll
 0004:00000080       __imp__GetModuleFileNameA@12 0047a080     kernel32:KERNEL32.dll
 0004:00000084       __imp__QueryPerformanceCounter@4 0047a084     kernel32:KERNEL32.dll
 0004:00000088       __imp__GetCurrentProcessId@0 0047a088     kernel32:KERNEL32.dll
 0004:0000008c       __imp__GetSystemTimeAsFileTime@4 0047a08c     kernel32:KERNEL32.dll
 0004:00000090       __imp__GetEnvironmentStringsW@0 0047a090     kernel32:KERNEL32.dll
 0004:00000094       __imp__FreeEnvironmentStringsW@4 0047a094     kernel32:KERNEL32.dll
 0004:00000098       __imp__UnhandledExceptionFilter@4 0047a098     kernel32:KERNEL32.dll
 0004:0000009c       __imp__SetUnhandledExceptionFilter@4 0047a09c     kernel32:KERNEL32.dll
 0004:000000a0       __imp__InitializeCriticalSectionAndSpinCount@8 0047a0a0     kernel32:KERNEL32.dll
 0004:000000a4       __imp__CreateEventW@16     0047a0a4     kernel32:KERNEL32.dll
 0004:000000a8       __imp__Sleep@4             0047a0a8     kernel32:KERNEL32.dll
 0004:000000ac       __imp__GetCurrentProcess@0 0047a0ac     kernel32:KERNEL32.dll
 0004:000000b0       __imp__TerminateProcess@8  0047a0b0     kernel32:KERNEL32.dll
 0004:000000b4       __imp__TlsAlloc@0          0047a0b4     kernel32:KERNEL32.dll
 0004:000000b8       __imp__TlsGetValue@4       0047a0b8     kernel32:KERNEL32.dll
 0004:000000bc       __imp__TlsSetValue@8       0047a0bc     kernel32:KERNEL32.dll
 0004:000000c0       __imp__TlsFree@4           0047a0c0     kernel32:KERNEL32.dll
 0004:000000c4       __imp__GetTickCount@0      0047a0c4     kernel32:KERNEL32.dll
 0004:000000c8       __imp__GetModuleHandleW@4  0047a0c8     kernel32:KERNEL32.dll
 0004:000000cc       __imp__CreateSemaphoreW@16 0047a0cc     kernel32:KERNEL32.dll
 0004:000000d0       __imp__FatalAppExitA@8     0047a0d0     kernel32:KERNEL32.dll
 0004:000000d4       __imp__OutputDebugStringA@4 0047a0d4     kernel32:KERNEL32.dll
 0004:000000d8       __imp__IsValidCodePage@4   0047a0d8     kernel32:KERNEL32.dll
 0004:000000dc       __imp__GetACP@0            0047a0dc     kernel32:KERNEL32.dll
 0004:000000e0       __imp__GetOEMCP@0          0047a0e0     kernel32:KERNEL32.dll
 0004:000000e4       __imp__GetCPInfo@8         0047a0e4     kernel32:KERNEL32.dll
 0004:000000e8       __imp__RtlUnwind@16        0047a0e8     kernel32:KERNEL32.dll
 0004:000000ec       __imp__HeapFree@12         0047a0ec     kernel32:KERNEL32.dll
 0004:000000f0       __imp__HeapReAlloc@16      0047a0f0     kernel32:KERNEL32.dll
 0004:000000f4       __imp__HeapSize@12         0047a0f4     kernel32:KERNEL32.dll
 0004:000000f8       __imp__HeapQueryInformation@20 0047a0f8     kernel32:KERNEL32.dll
 0004:000000fc       __imp__HeapAlloc@12        0047a0fc     kernel32:KERNEL32.dll
 0004:00000100       __imp__GetConsoleCP@0      0047a100     kernel32:KERNEL32.dll
 0004:00000104       __imp__GetConsoleMode@8    0047a104     kernel32:KERNEL32.dll
 0004:00000108       __imp__SetFilePointerEx@20 0047a108     kernel32:KERNEL32.dll
 0004:0000010c       __imp__FreeLibrary@4       0047a10c     kernel32:KERNEL32.dll
 0004:00000110       __imp__FlushFileBuffers@4  0047a110     kernel32:KERNEL32.dll
 0004:00000114       __imp__GetStringTypeW@16   0047a114     kernel32:KERNEL32.dll
 0004:00000118       __imp__SetStdHandle@8      0047a118     kernel32:KERNEL32.dll
 0004:0000011c       __imp__GetDateFormatW@24   0047a11c     kernel32:KERNEL32.dll
 0004:00000120       __imp__GetTimeFormatW@24   0047a120     kernel32:KERNEL32.dll
 0004:00000124       __imp__CompareStringW@24   0047a124     kernel32:KERNEL32.dll
 0004:00000128       __imp__LCMapStringW@24     0047a128     kernel32:KERNEL32.dll
 0004:0000012c       __imp__GetLocaleInfoW@16   0047a12c     kernel32:KERNEL32.dll
 0004:00000130       __imp__IsValidLocale@8     0047a130     kernel32:KERNEL32.dll
 0004:00000134       __imp__GetUserDefaultLCID@0 0047a134     kernel32:KERNEL32.dll
 0004:00000138       __imp__EnumSystemLocalesW@8 0047a138     kernel32:KERNEL32.dll
 0004:0000013c       __imp__CloseHandle@4       0047a13c     kernel32:KERNEL32.dll
 0004:00000140       __imp__CreateFileW@28      0047a140     kernel32:KERNEL32.dll
 0004:00000144       __imp__RaiseException@16   0047a144     kernel32:KERNEL32.dll
 0004:00000148       \177KERNEL32_NULL_THUNK_DATA 0047a148     kernel32:KERNEL32.dll
 0004:000001b4       __IMPORT_DESCRIPTOR_KERNEL32 0047a1b4     kernel32:KERNEL32.dll
 0004:000001c8       __NULL_IMPORT_DESCRIPTOR   0047a1c8     kernel32:KERNEL32.dll
